CRITICAL - 2026-01-30 12:31:46 --> ErrorException: Undefined property: stdClass::$collaborator_list
[Method: POST, Route: tasks/all_tasks_kanban_data]
in APPPATH/Views/tasks/kanban/kanban_column_items.php on line 129.
 1 APPPATH/Views/tasks/kanban/kanban_column_items.php(129): CodeIgniter\Debug\Exceptions->errorHandler(2, 'Undefined property: stdClass::$collaborator_list', '/home/gestiontictaccom/public_html/app/Views/tasks/kanban/kanban_column_items.php', 129)
 2 SYSTEMPATH/View/View.php(226): include('/home/gestiontictaccom/public_html/app/Views/tasks/kanban/kanban_column_items.php')
 3 SYSTEMPATH/View/View.php(229): CodeIgniter\View\View->CodeIgniter\View\{closure}()
 4 SYSTEMPATH/Common.php(1167): CodeIgniter\View\View->render('tasks/kanban/kanban_column_items', [], true)
 5 APPPATH/Views/tasks/kanban/kanban_view.php(46): view('tasks/kanban/kanban_column_items', [...])
 6 SYSTEMPATH/View/View.php(226): include('/home/gestiontictaccom/public_html/app/Views/tasks/kanban/kanban_view.php')
 7 SYSTEMPATH/View/View.php(229): CodeIgniter\View\View->CodeIgniter\View\{closure}()
 8 SYSTEMPATH/Common.php(1167): CodeIgniter\View\View->render('tasks/kanban/kanban_view', [], true)
 9 APPPATH/Libraries/Template.php(38): view('tasks/kanban/kanban_view', [...])
10 APPPATH/Controllers/Tasks.php(2648): App\Libraries\Template->view('tasks/kanban/kanban_view', [...])
11 SYSTEMPATH/CodeIgniter.php(933): App\Controllers\Tasks->all_tasks_kanban_data()
12 SYSTEMPATH/CodeIgniter.php(507): CodeIgniter\CodeIgniter->runController(Object(App\Controllers\Tasks))
13 SYSTEMPATH/CodeIgniter.php(354): CodeIgniter\CodeIgniter->handleRequest(null, Object(Config\Cache), false)
14 SYSTEMPATH/Boot.php(363): CodeIgniter\CodeIgniter->run()
15 SYSTEMPATH/Boot.php(68): CodeIgniter\Boot::runCodeIgniter(Object(CodeIgniter\CodeIgniter))
16 FCPATH/index.php(75): CodeIgniter\Boot::bootWeb(Object(Config\Paths))
CRITICAL - 2026-01-30 12:31:49 --> ErrorException: Undefined property: stdClass::$collaborator_list
[Method: POST, Route: tasks/all_tasks_kanban_data]
in APPPATH/Views/tasks/kanban/kanban_column_items.php on line 129.
 1 APPPATH/Views/tasks/kanban/kanban_column_items.php(129): CodeIgniter\Debug\Exceptions->errorHandler(2, 'Undefined property: stdClass::$collaborator_list', '/home/gestiontictaccom/public_html/app/Views/tasks/kanban/kanban_column_items.php', 129)
 2 SYSTEMPATH/View/View.php(226): include('/home/gestiontictaccom/public_html/app/Views/tasks/kanban/kanban_column_items.php')
 3 SYSTEMPATH/View/View.php(229): CodeIgniter\View\View->CodeIgniter\View\{closure}()
 4 SYSTEMPATH/Common.php(1167): CodeIgniter\View\View->render('tasks/kanban/kanban_column_items', [], true)
 5 APPPATH/Views/tasks/kanban/kanban_view.php(46): view('tasks/kanban/kanban_column_items', [...])
 6 SYSTEMPATH/View/View.php(226): include('/home/gestiontictaccom/public_html/app/Views/tasks/kanban/kanban_view.php')
 7 SYSTEMPATH/View/View.php(229): CodeIgniter\View\View->CodeIgniter\View\{closure}()
 8 SYSTEMPATH/Common.php(1167): CodeIgniter\View\View->render('tasks/kanban/kanban_view', [], true)
 9 APPPATH/Libraries/Template.php(38): view('tasks/kanban/kanban_view', [...])
10 APPPATH/Controllers/Tasks.php(2648): App\Libraries\Template->view('tasks/kanban/kanban_view', [...])
11 SYSTEMPATH/CodeIgniter.php(933): App\Controllers\Tasks->all_tasks_kanban_data()
12 SYSTEMPATH/CodeIgniter.php(507): CodeIgniter\CodeIgniter->runController(Object(App\Controllers\Tasks))
13 SYSTEMPATH/CodeIgniter.php(354): CodeIgniter\CodeIgniter->handleRequest(null, Object(Config\Cache), false)
14 SYSTEMPATH/Boot.php(363): CodeIgniter\CodeIgniter->run()
15 SYSTEMPATH/Boot.php(68): CodeIgniter\Boot::runCodeIgniter(Object(CodeIgniter\CodeIgniter))
16 FCPATH/index.php(75): CodeIgniter\Boot::bootWeb(Object(Config\Paths))
CRITICAL - 2026-01-30 12:31:55 --> ErrorException: Undefined property: stdClass::$collaborator_list
[Method: POST, Route: tasks/all_tasks_kanban_data]
in APPPATH/Views/tasks/kanban/kanban_column_items.php on line 129.
 1 APPPATH/Views/tasks/kanban/kanban_column_items.php(129): CodeIgniter\Debug\Exceptions->errorHandler(2, 'Undefined property: stdClass::$collaborator_list', '/home/gestiontictaccom/public_html/app/Views/tasks/kanban/kanban_column_items.php', 129)
 2 SYSTEMPATH/View/View.php(226): include('/home/gestiontictaccom/public_html/app/Views/tasks/kanban/kanban_column_items.php')
 3 SYSTEMPATH/View/View.php(229): CodeIgniter\View\View->CodeIgniter\View\{closure}()
 4 SYSTEMPATH/Common.php(1167): CodeIgniter\View\View->render('tasks/kanban/kanban_column_items', [], true)
 5 APPPATH/Views/tasks/kanban/kanban_view.php(46): view('tasks/kanban/kanban_column_items', [...])
 6 SYSTEMPATH/View/View.php(226): include('/home/gestiontictaccom/public_html/app/Views/tasks/kanban/kanban_view.php')
 7 SYSTEMPATH/View/View.php(229): CodeIgniter\View\View->CodeIgniter\View\{closure}()
 8 SYSTEMPATH/Common.php(1167): CodeIgniter\View\View->render('tasks/kanban/kanban_view', [], true)
 9 APPPATH/Libraries/Template.php(38): view('tasks/kanban/kanban_view', [...])
10 APPPATH/Controllers/Tasks.php(2648): App\Libraries\Template->view('tasks/kanban/kanban_view', [...])
11 SYSTEMPATH/CodeIgniter.php(933): App\Controllers\Tasks->all_tasks_kanban_data()
12 SYSTEMPATH/CodeIgniter.php(507): CodeIgniter\CodeIgniter->runController(Object(App\Controllers\Tasks))
13 SYSTEMPATH/CodeIgniter.php(354): CodeIgniter\CodeIgniter->handleRequest(null, Object(Config\Cache), false)
14 SYSTEMPATH/Boot.php(363): CodeIgniter\CodeIgniter->run()
15 SYSTEMPATH/Boot.php(68): CodeIgniter\Boot::runCodeIgniter(Object(CodeIgniter\CodeIgniter))
16 FCPATH/index.php(75): CodeIgniter\Boot::bootWeb(Object(Config\Paths))
CRITICAL - 2026-01-30 12:32:21 --> ErrorException: Undefined property: stdClass::$collaborator_list
[Method: POST, Route: tasks/all_tasks_kanban_data]
in APPPATH/Views/tasks/kanban/kanban_column_items.php on line 129.
 1 APPPATH/Views/tasks/kanban/kanban_column_items.php(129): CodeIgniter\Debug\Exceptions->errorHandler(2, 'Undefined property: stdClass::$collaborator_list', '/home/gestiontictaccom/public_html/app/Views/tasks/kanban/kanban_column_items.php', 129)
 2 SYSTEMPATH/View/View.php(226): include('/home/gestiontictaccom/public_html/app/Views/tasks/kanban/kanban_column_items.php')
 3 SYSTEMPATH/View/View.php(229): CodeIgniter\View\View->CodeIgniter\View\{closure}()
 4 SYSTEMPATH/Common.php(1167): CodeIgniter\View\View->render('tasks/kanban/kanban_column_items', [], true)
 5 APPPATH/Views/tasks/kanban/kanban_view.php(46): view('tasks/kanban/kanban_column_items', [...])
 6 SYSTEMPATH/View/View.php(226): include('/home/gestiontictaccom/public_html/app/Views/tasks/kanban/kanban_view.php')
 7 SYSTEMPATH/View/View.php(229): CodeIgniter\View\View->CodeIgniter\View\{closure}()
 8 SYSTEMPATH/Common.php(1167): CodeIgniter\View\View->render('tasks/kanban/kanban_view', [], true)
 9 APPPATH/Libraries/Template.php(38): view('tasks/kanban/kanban_view', [...])
10 APPPATH/Controllers/Tasks.php(2648): App\Libraries\Template->view('tasks/kanban/kanban_view', [...])
11 SYSTEMPATH/CodeIgniter.php(933): App\Controllers\Tasks->all_tasks_kanban_data()
12 SYSTEMPATH/CodeIgniter.php(507): CodeIgniter\CodeIgniter->runController(Object(App\Controllers\Tasks))
13 SYSTEMPATH/CodeIgniter.php(354): CodeIgniter\CodeIgniter->handleRequest(null, Object(Config\Cache), false)
14 SYSTEMPATH/Boot.php(363): CodeIgniter\CodeIgniter->run()
15 SYSTEMPATH/Boot.php(68): CodeIgniter\Boot::runCodeIgniter(Object(CodeIgniter\CodeIgniter))
16 FCPATH/index.php(75): CodeIgniter\Boot::bootWeb(Object(Config\Paths))
CRITICAL - 2026-01-30 12:46:19 --> ParseError: syntax error, unexpected token ","
[Method: POST, Route: tasks/all_tasks_kanban_data]
in APPPATH/Views/tasks/kanban/kanban_column_items.php on line 161.
 1 SYSTEMPATH/View/View.php(229): CodeIgniter\View\View->CodeIgniter\View\{closure}()
 2 SYSTEMPATH/Common.php(1167): CodeIgniter\View\View->render('tasks/kanban/kanban_column_items', [], true)
 3 APPPATH/Views/tasks/kanban/kanban_view.php(46): view('tasks/kanban/kanban_column_items', [...])
 4 SYSTEMPATH/View/View.php(226): include('/home/gestiontictaccom/public_html/app/Views/tasks/kanban/kanban_view.php')
 5 SYSTEMPATH/View/View.php(229): CodeIgniter\View\View->CodeIgniter\View\{closure}()
 6 SYSTEMPATH/Common.php(1167): CodeIgniter\View\View->render('tasks/kanban/kanban_view', [], true)
 7 APPPATH/Libraries/Template.php(38): view('tasks/kanban/kanban_view', [...])
 8 APPPATH/Controllers/Tasks.php(2648): App\Libraries\Template->view('tasks/kanban/kanban_view', [...])
 9 SYSTEMPATH/CodeIgniter.php(933): App\Controllers\Tasks->all_tasks_kanban_data()
10 SYSTEMPATH/CodeIgniter.php(507): CodeIgniter\CodeIgniter->runController(Object(App\Controllers\Tasks))
11 SYSTEMPATH/CodeIgniter.php(354): CodeIgniter\CodeIgniter->handleRequest(null, Object(Config\Cache), false)
12 SYSTEMPATH/Boot.php(363): CodeIgniter\CodeIgniter->run()
13 SYSTEMPATH/Boot.php(68): CodeIgniter\Boot::runCodeIgniter(Object(CodeIgniter\CodeIgniter))
14 FCPATH/index.php(75): CodeIgniter\Boot::bootWeb(Object(Config\Paths))
