ERROR - 2026-01-26 03:06:13 --> mysqli_sql_exception: Commands out of sync; you can't run this command now in /home/gestiontictaccom/public_html/system/Database/MySQLi/Connection.php:295
Stack trace:
#0 /home/gestiontictaccom/public_html/system/Database/MySQLi/Connection.php(295): mysqli->query('UPDATE `crm_ci_...', 0)
#1 /home/gestiontictaccom/public_html/system/Database/BaseConnection.php(691): CodeIgniter\Database\MySQLi\Connection->execute('UPDATE `crm_ci_...')
#2 /home/gestiontictaccom/public_html/system/Database/BaseConnection.php(605): CodeIgniter\Database\BaseConnection->simpleQuery('UPDATE `crm_ci_...')
#3 /home/gestiontictaccom/public_html/system/Database/BaseBuilder.php(2476): CodeIgniter\Database\BaseConnection->query('UPDATE `crm_ci_...', Array, false)
#4 /home/gestiontictaccom/public_html/system/Session/Handlers/DatabaseHandler.php(230): CodeIgniter\Database\BaseBuilder->update(Array)
#5 [internal function]: CodeIgniter\Session\Handlers\DatabaseHandler->write('c6a4fe81e991aa5...', '__ci_last_regen...')
#6 [internal function]: session_write_close()
#7 {main}
ERROR - 2026-01-26 03:06:13 --> mysqli_sql_exception: Commands out of sync; you can't run this command now in /home/gestiontictaccom/public_html/system/Database/MySQLi/Connection.php:295
Stack trace:
#0 /home/gestiontictaccom/public_html/system/Database/MySQLi/Connection.php(295): mysqli->query('SELECT RELEASE_...', 0)
#1 /home/gestiontictaccom/public_html/system/Database/BaseConnection.php(691): CodeIgniter\Database\MySQLi\Connection->execute('SELECT RELEASE_...')
#2 /home/gestiontictaccom/public_html/system/Database/BaseConnection.php(605): CodeIgniter\Database\BaseConnection->simpleQuery('SELECT RELEASE_...')
#3 /home/gestiontictaccom/public_html/system/Session/Handlers/Database/MySQLiHandler.php(45): CodeIgniter\Database\BaseConnection->query('SELECT RELEASE_...')
#4 /home/gestiontictaccom/public_html/system/Session/Handlers/DatabaseHandler.php(252): CodeIgniter\Session\Handlers\Database\MySQLiHandler->releaseLock()
#5 [internal function]: CodeIgniter\Session\Handlers\DatabaseHandler->close()
#6 [internal function]: session_write_close()
#7 {main}
CRITICAL - 2026-01-26 03:14:23 --> The action you requested is not allowed.
in SYSTEMPATH/Security/Security.php on line 306.
 1 SYSTEMPATH/Security/Security.php(306): CodeIgniter\Security\Exceptions\SecurityException::forDisallowedAction()
 2 SYSTEMPATH/Filters/CSRF.php(55): CodeIgniter\Security\Security->verify(Object(CodeIgniter\HTTP\IncomingRequest))
 3 SYSTEMPATH/Filters/Filters.php(173): CodeIgniter\Filters\CSRF->before(Object(CodeIgniter\HTTP\IncomingRequest), null)
 4 SYSTEMPATH/CodeIgniter.php(473): CodeIgniter\Filters\Filters->run('notes/view/189', 'before')
 5 SYSTEMPATH/CodeIgniter.php(368): CodeIgniter\CodeIgniter->handleRequest(null, Object(Config\Cache), false)
 6 FCPATH/index.php(80): CodeIgniter\CodeIgniter->run()
CRITICAL - 2026-01-26 03:34:52 --> The action you requested is not allowed.
in SYSTEMPATH/Security/Security.php on line 306.
 1 SYSTEMPATH/Security/Security.php(306): CodeIgniter\Security\Exceptions\SecurityException::forDisallowedAction()
 2 SYSTEMPATH/Filters/CSRF.php(55): CodeIgniter\Security\Security->verify(Object(CodeIgniter\HTTP\IncomingRequest))
 3 SYSTEMPATH/Filters/Filters.php(173): CodeIgniter\Filters\CSRF->before(Object(CodeIgniter\HTTP\IncomingRequest), null)
 4 SYSTEMPATH/CodeIgniter.php(473): CodeIgniter\Filters\Filters->run('projects/task_view', 'before')
 5 SYSTEMPATH/CodeIgniter.php(368): CodeIgniter\CodeIgniter->handleRequest(null, Object(Config\Cache), false)
 6 FCPATH/index.php(80): CodeIgniter\CodeIgniter->run()
CRITICAL - 2026-01-26 03:36:24 --> The action you requested is not allowed.
in SYSTEMPATH/Security/Security.php on line 306.
 1 SYSTEMPATH/Security/Security.php(306): CodeIgniter\Security\Exceptions\SecurityException::forDisallowedAction()
 2 SYSTEMPATH/Filters/CSRF.php(55): CodeIgniter\Security\Security->verify(Object(CodeIgniter\HTTP\IncomingRequest))
 3 SYSTEMPATH/Filters/Filters.php(173): CodeIgniter\Filters\CSRF->before(Object(CodeIgniter\HTTP\IncomingRequest), null)
 4 SYSTEMPATH/CodeIgniter.php(473): CodeIgniter\Filters\Filters->run('projects/show_my_open_timers/', 'before')
 5 SYSTEMPATH/CodeIgniter.php(368): CodeIgniter\CodeIgniter->handleRequest(null, Object(Config\Cache), false)
 6 FCPATH/index.php(80): CodeIgniter\CodeIgniter->run()
CRITICAL - 2026-01-26 03:36:24 --> The action you requested is not allowed.
in SYSTEMPATH/Security/Security.php on line 306.
 1 SYSTEMPATH/Security/Security.php(306): CodeIgniter\Security\Exceptions\SecurityException::forDisallowedAction()
 2 SYSTEMPATH/Filters/CSRF.php(55): CodeIgniter\Security\Security->verify(Object(CodeIgniter\HTTP\IncomingRequest))
 3 SYSTEMPATH/Filters/Filters.php(173): CodeIgniter\Filters\CSRF->before(Object(CodeIgniter\HTTP\IncomingRequest), null)
 4 SYSTEMPATH/CodeIgniter.php(473): CodeIgniter\Filters\Filters->run('projects/show_my_open_timers/', 'before')
 5 SYSTEMPATH/CodeIgniter.php(368): CodeIgniter\CodeIgniter->handleRequest(null, Object(Config\Cache), false)
 6 FCPATH/index.php(80): CodeIgniter\CodeIgniter->run()
CRITICAL - 2026-01-26 04:51:27 --> The action you requested is not allowed.
in SYSTEMPATH/Security/Security.php on line 306.
 1 SYSTEMPATH/Security/Security.php(306): CodeIgniter\Security\Exceptions\SecurityException::forDisallowedAction()
 2 SYSTEMPATH/Filters/CSRF.php(55): CodeIgniter\Security\Security->verify(Object(CodeIgniter\HTTP\IncomingRequest))
 3 SYSTEMPATH/Filters/Filters.php(173): CodeIgniter\Filters\CSRF->before(Object(CodeIgniter\HTTP\IncomingRequest), null)
 4 SYSTEMPATH/CodeIgniter.php(473): CodeIgniter\Filters\Filters->run('projects/task_modal_form', 'before')
 5 SYSTEMPATH/CodeIgniter.php(368): CodeIgniter\CodeIgniter->handleRequest(null, Object(Config\Cache), false)
 6 FCPATH/index.php(80): CodeIgniter\CodeIgniter->run()
CRITICAL - 2026-01-26 05:37:08 --> The action you requested is not allowed.
in SYSTEMPATH/Security/Security.php on line 306.
 1 SYSTEMPATH/Security/Security.php(306): CodeIgniter\Security\Exceptions\SecurityException::forDisallowedAction()
 2 SYSTEMPATH/Filters/CSRF.php(55): CodeIgniter\Security\Security->verify(Object(CodeIgniter\HTTP\IncomingRequest))
 3 SYSTEMPATH/Filters/Filters.php(173): CodeIgniter\Filters\CSRF->before(Object(CodeIgniter\HTTP\IncomingRequest), null)
 4 SYSTEMPATH/CodeIgniter.php(473): CodeIgniter\Filters\Filters->run('clients/show_my_starred_clients/', 'before')
 5 SYSTEMPATH/CodeIgniter.php(368): CodeIgniter\CodeIgniter->handleRequest(null, Object(Config\Cache), false)
 6 FCPATH/index.php(80): CodeIgniter\CodeIgniter->run()
CRITICAL - 2026-01-26 05:37:08 --> The action you requested is not allowed.
in SYSTEMPATH/Security/Security.php on line 306.
 1 SYSTEMPATH/Security/Security.php(306): CodeIgniter\Security\Exceptions\SecurityException::forDisallowedAction()
 2 SYSTEMPATH/Filters/CSRF.php(55): CodeIgniter\Security\Security->verify(Object(CodeIgniter\HTTP\IncomingRequest))
 3 SYSTEMPATH/Filters/Filters.php(173): CodeIgniter\Filters\CSRF->before(Object(CodeIgniter\HTTP\IncomingRequest), null)
 4 SYSTEMPATH/CodeIgniter.php(473): CodeIgniter\Filters\Filters->run('clients/show_my_starred_clients/', 'before')
 5 SYSTEMPATH/CodeIgniter.php(368): CodeIgniter\CodeIgniter->handleRequest(null, Object(Config\Cache), false)
 6 FCPATH/index.php(80): CodeIgniter\CodeIgniter->run()
CRITICAL - 2026-01-26 05:37:14 --> The action you requested is not allowed.
in SYSTEMPATH/Security/Security.php on line 306.
 1 SYSTEMPATH/Security/Security.php(306): CodeIgniter\Security\Exceptions\SecurityException::forDisallowedAction()
 2 SYSTEMPATH/Filters/CSRF.php(55): CodeIgniter\Security\Security->verify(Object(CodeIgniter\HTTP\IncomingRequest))
 3 SYSTEMPATH/Filters/Filters.php(173): CodeIgniter\Filters\CSRF->before(Object(CodeIgniter\HTTP\IncomingRequest), null)
 4 SYSTEMPATH/CodeIgniter.php(473): CodeIgniter\Filters\Filters->run('clients/show_my_starred_clients/', 'before')
 5 SYSTEMPATH/CodeIgniter.php(368): CodeIgniter\CodeIgniter->handleRequest(null, Object(Config\Cache), false)
 6 FCPATH/index.php(80): CodeIgniter\CodeIgniter->run()
CRITICAL - 2026-01-26 05:49:46 --> The action you requested is not allowed.
in SYSTEMPATH/Security/Security.php on line 306.
 1 SYSTEMPATH/Security/Security.php(306): CodeIgniter\Security\Exceptions\SecurityException::forDisallowedAction()
 2 SYSTEMPATH/Filters/CSRF.php(55): CodeIgniter\Security\Security->verify(Object(CodeIgniter\HTTP\IncomingRequest))
 3 SYSTEMPATH/Filters/Filters.php(173): CodeIgniter\Filters\CSRF->before(Object(CodeIgniter\HTTP\IncomingRequest), null)
 4 SYSTEMPATH/CodeIgniter.php(473): CodeIgniter\Filters\Filters->run('projects/show_my_open_timers/', 'before')
 5 SYSTEMPATH/CodeIgniter.php(368): CodeIgniter\CodeIgniter->handleRequest(null, Object(Config\Cache), false)
 6 FCPATH/index.php(80): CodeIgniter\CodeIgniter->run()
CRITICAL - 2026-01-26 05:49:46 --> The action you requested is not allowed.
in SYSTEMPATH/Security/Security.php on line 306.
 1 SYSTEMPATH/Security/Security.php(306): CodeIgniter\Security\Exceptions\SecurityException::forDisallowedAction()
 2 SYSTEMPATH/Filters/CSRF.php(55): CodeIgniter\Security\Security->verify(Object(CodeIgniter\HTTP\IncomingRequest))
 3 SYSTEMPATH/Filters/Filters.php(173): CodeIgniter\Filters\CSRF->before(Object(CodeIgniter\HTTP\IncomingRequest), null)
 4 SYSTEMPATH/CodeIgniter.php(473): CodeIgniter\Filters\Filters->run('projects/show_my_open_timers/', 'before')
 5 SYSTEMPATH/CodeIgniter.php(368): CodeIgniter\CodeIgniter->handleRequest(null, Object(Config\Cache), false)
 6 FCPATH/index.php(80): CodeIgniter\CodeIgniter->run()
CRITICAL - 2026-01-26 05:53:35 --> The action you requested is not allowed.
in SYSTEMPATH/Security/Security.php on line 306.
 1 SYSTEMPATH/Security/Security.php(306): CodeIgniter\Security\Exceptions\SecurityException::forDisallowedAction()
 2 SYSTEMPATH/Filters/CSRF.php(55): CodeIgniter\Security\Security->verify(Object(CodeIgniter\HTTP\IncomingRequest))
 3 SYSTEMPATH/Filters/Filters.php(173): CodeIgniter\Filters\CSRF->before(Object(CodeIgniter\HTTP\IncomingRequest), null)
 4 SYSTEMPATH/CodeIgniter.php(473): CodeIgniter\Filters\Filters->run('projects/stop_timer_modal_form/205', 'before')
 5 SYSTEMPATH/CodeIgniter.php(368): CodeIgniter\CodeIgniter->handleRequest(null, Object(Config\Cache), false)
 6 FCPATH/index.php(80): CodeIgniter\CodeIgniter->run()
WARNING - 2026-01-26 06:00:55 --> [DEPRECATED] Return type of Google_Model::offsetExists($offset) should either be compatible with ArrayAccess::offsetExists(mixed $offset): bool, or the #[\ReturnTypeWillChange] attribute should be used to temporarily suppress the notice in APPPATH/ThirdParty/Google/google-api-php-client/src/Google/Model.php on line 249.
 1 APPPATH/ThirdParty/Google/google-api-php-client/vendor/composer/ClassLoader.php(444): include('APPPATH/ThirdParty/Google/google-api-php-client/src/Google/Model.php')
 2 APPPATH/ThirdParty/Google/google-api-php-client/vendor/composer/ClassLoader.php(322): Composer\Autoload\includeFile('APPPATH/ThirdParty/Google/google-api-php-client/src/Google/Model.php')
 3 APPPATH/ThirdParty/Google/google-api-php-client/src/Google/Collection.php(12): Composer\Autoload\ClassLoader->loadClass('Google_Model')
 4 APPPATH/ThirdParty/Google/google-api-php-client/vendor/composer/ClassLoader.php(444): include('APPPATH/ThirdParty/Google/google-api-php-client/src/Google/Collection.php')
 5 APPPATH/ThirdParty/Google/google-api-php-client/vendor/composer/ClassLoader.php(322): Composer\Autoload\includeFile('APPPATH/ThirdParty/Google/google-api-php-client/src/Google/Collection.php')
 6 APPPATH/ThirdParty/Google/google-api-php-client/vendor/google/apiclient-services/src/Google/Service/Drive/FileList.php(18): Composer\Autoload\ClassLoader->loadClass('Google_Collection')
 7 APPPATH/ThirdParty/Google/google-api-php-client/vendor/composer/ClassLoader.php(444): include('APPPATH/ThirdParty/Google/google-api-php-client/vendor/google/apiclient-services/src/Google/Service/Drive/FileList.php')
 8 APPPATH/ThirdParty/Google/google-api-php-client/vendor/composer/ClassLoader.php(322): Composer\Autoload\includeFile('APPPATH/ThirdParty/Google/google-api-php-client/vendor/google/apiclient-services/src/Google/Service/Drive/FileList.php')
 9 APPPATH/ThirdParty/Google/google-api-php-client/src/Google/Http/REST.php(128): Composer\Autoload\ClassLoader->loadClass('Google_Service_Drive_FileList')
10 APPPATH/ThirdParty/Google/google-api-php-client/src/Google/Http/REST.php(94): Google_Http_REST::decodeHttpResponse(Object(GuzzleHttp\Psr7\Response), Object(GuzzleHttp\Psr7\Request), 'Google_Service_Drive_FileList')
11 APPPATH/ThirdParty/Google/google-api-php-client/src/Google/Task/Runner.php(176): Google_Http_REST::doExecute(Object(GuzzleHttp\Client), Object(GuzzleHttp\Psr7\Request), 'Google_Service_Drive_FileList')
12 APPPATH/ThirdParty/Google/google-api-php-client/src/Google/Http/REST.php(58): Google_Task_Runner->run()
13 APPPATH/ThirdParty/Google/google-api-php-client/src/Google/Client.php(798): Google_Http_REST::execute(Object(GuzzleHttp\Client), Object(GuzzleHttp\Psr7\Request), 'Google_Service_Drive_FileList', [])
14 APPPATH/ThirdParty/Google/google-api-php-client/src/Google/Service/Resource.php(232): Google_Client->execute(Object(GuzzleHttp\Psr7\Request), 'Google_Service_Drive_FileList')
15 APPPATH/ThirdParty/Google/google-api-php-client/vendor/google/apiclient-services/src/Google/Service/Drive/Resource/Files.php(206): Google_Service_Resource->call('list', [...], 'Google_Service_Drive_FileList')
16 APPPATH/Libraries/Google.php(83): Google_Service_Drive_Resource_Files->listFiles([...])
17 APPPATH/Libraries/Google.php(158): App\Libraries\Google->_is_folder_exists(Object(Google_Service_Drive), 'temp')
18 APPPATH/Libraries/Google.php(204): App\Libraries\Google->_create_folder('temp')
19 APPPATH/Helpers/app_files_helper.php(219): App\Libraries\Google->upload_file('/tmp/phpm3rbjl', 'Mockup Tótem.png', 'temp')
20 APPPATH/Controllers/Messages.php(377): upload_file_to_temp()
21 SYSTEMPATH/CodeIgniter.php(934): App\Controllers\Messages->upload_file()
22 SYSTEMPATH/CodeIgniter.php(499): CodeIgniter\CodeIgniter->runController(Object(App\Controllers\Messages))
23 SYSTEMPATH/CodeIgniter.php(368): CodeIgniter\CodeIgniter->handleRequest(null, Object(Config\Cache), false)
24 FCPATH/index.php(80): CodeIgniter\CodeIgniter->run()
WARNING - 2026-01-26 06:00:55 --> [DEPRECATED] Return type of Google_Model::offsetGet($offset) should either be compatible with ArrayAccess::offsetGet(mixed $offset): mixed, or the #[\ReturnTypeWillChange] attribute should be used to temporarily suppress the notice in APPPATH/ThirdParty/Google/google-api-php-client/src/Google/Model.php on line 254.
 1 APPPATH/ThirdParty/Google/google-api-php-client/vendor/composer/ClassLoader.php(444): include('APPPATH/ThirdParty/Google/google-api-php-client/src/Google/Model.php')
 2 APPPATH/ThirdParty/Google/google-api-php-client/vendor/composer/ClassLoader.php(322): Composer\Autoload\includeFile('APPPATH/ThirdParty/Google/google-api-php-client/src/Google/Model.php')
 3 APPPATH/ThirdParty/Google/google-api-php-client/src/Google/Collection.php(12): Composer\Autoload\ClassLoader->loadClass('Google_Model')
 4 APPPATH/ThirdParty/Google/google-api-php-client/vendor/composer/ClassLoader.php(444): include('APPPATH/ThirdParty/Google/google-api-php-client/src/Google/Collection.php')
 5 APPPATH/ThirdParty/Google/google-api-php-client/vendor/composer/ClassLoader.php(322): Composer\Autoload\includeFile('APPPATH/ThirdParty/Google/google-api-php-client/src/Google/Collection.php')
 6 APPPATH/ThirdParty/Google/google-api-php-client/vendor/google/apiclient-services/src/Google/Service/Drive/FileList.php(18): Composer\Autoload\ClassLoader->loadClass('Google_Collection')
 7 APPPATH/ThirdParty/Google/google-api-php-client/vendor/composer/ClassLoader.php(444): include('APPPATH/ThirdParty/Google/google-api-php-client/vendor/google/apiclient-services/src/Google/Service/Drive/FileList.php')
 8 APPPATH/ThirdParty/Google/google-api-php-client/vendor/composer/ClassLoader.php(322): Composer\Autoload\includeFile('APPPATH/ThirdParty/Google/google-api-php-client/vendor/google/apiclient-services/src/Google/Service/Drive/FileList.php')
 9 APPPATH/ThirdParty/Google/google-api-php-client/src/Google/Http/REST.php(128): Composer\Autoload\ClassLoader->loadClass('Google_Service_Drive_FileList')
10 APPPATH/ThirdParty/Google/google-api-php-client/src/Google/Http/REST.php(94): Google_Http_REST::decodeHttpResponse(Object(GuzzleHttp\Psr7\Response), Object(GuzzleHttp\Psr7\Request), 'Google_Service_Drive_FileList')
11 APPPATH/ThirdParty/Google/google-api-php-client/src/Google/Task/Runner.php(176): Google_Http_REST::doExecute(Object(GuzzleHttp\Client), Object(GuzzleHttp\Psr7\Request), 'Google_Service_Drive_FileList')
12 APPPATH/ThirdParty/Google/google-api-php-client/src/Google/Http/REST.php(58): Google_Task_Runner->run()
13 APPPATH/ThirdParty/Google/google-api-php-client/src/Google/Client.php(798): Google_Http_REST::execute(Object(GuzzleHttp\Client), Object(GuzzleHttp\Psr7\Request), 'Google_Service_Drive_FileList', [])
14 APPPATH/ThirdParty/Google/google-api-php-client/src/Google/Service/Resource.php(232): Google_Client->execute(Object(GuzzleHttp\Psr7\Request), 'Google_Service_Drive_FileList')
15 APPPATH/ThirdParty/Google/google-api-php-client/vendor/google/apiclient-services/src/Google/Service/Drive/Resource/Files.php(206): Google_Service_Resource->call('list', [...], 'Google_Service_Drive_FileList')
16 APPPATH/Libraries/Google.php(83): Google_Service_Drive_Resource_Files->listFiles([...])
17 APPPATH/Libraries/Google.php(158): App\Libraries\Google->_is_folder_exists(Object(Google_Service_Drive), 'temp')
18 APPPATH/Libraries/Google.php(204): App\Libraries\Google->_create_folder('temp')
19 APPPATH/Helpers/app_files_helper.php(219): App\Libraries\Google->upload_file('/tmp/phpm3rbjl', 'Mockup Tótem.png', 'temp')
20 APPPATH/Controllers/Messages.php(377): upload_file_to_temp()
21 SYSTEMPATH/CodeIgniter.php(934): App\Controllers\Messages->upload_file()
22 SYSTEMPATH/CodeIgniter.php(499): CodeIgniter\CodeIgniter->runController(Object(App\Controllers\Messages))
23 SYSTEMPATH/CodeIgniter.php(368): CodeIgniter\CodeIgniter->handleRequest(null, Object(Config\Cache), false)
24 FCPATH/index.php(80): CodeIgniter\CodeIgniter->run()
WARNING - 2026-01-26 06:00:55 --> [DEPRECATED] Return type of Google_Model::offsetSet($offset, $value) should either be compatible with ArrayAccess::offsetSet(mixed $offset, mixed $value): void, or the #[\ReturnTypeWillChange] attribute should be used to temporarily suppress the notice in APPPATH/ThirdParty/Google/google-api-php-client/src/Google/Model.php on line 261.
 1 APPPATH/ThirdParty/Google/google-api-php-client/vendor/composer/ClassLoader.php(444): include('APPPATH/ThirdParty/Google/google-api-php-client/src/Google/Model.php')
 2 APPPATH/ThirdParty/Google/google-api-php-client/vendor/composer/ClassLoader.php(322): Composer\Autoload\includeFile('APPPATH/ThirdParty/Google/google-api-php-client/src/Google/Model.php')
 3 APPPATH/ThirdParty/Google/google-api-php-client/src/Google/Collection.php(12): Composer\Autoload\ClassLoader->loadClass('Google_Model')
 4 APPPATH/ThirdParty/Google/google-api-php-client/vendor/composer/ClassLoader.php(444): include('APPPATH/ThirdParty/Google/google-api-php-client/src/Google/Collection.php')
 5 APPPATH/ThirdParty/Google/google-api-php-client/vendor/composer/ClassLoader.php(322): Composer\Autoload\includeFile('APPPATH/ThirdParty/Google/google-api-php-client/src/Google/Collection.php')
 6 APPPATH/ThirdParty/Google/google-api-php-client/vendor/google/apiclient-services/src/Google/Service/Drive/FileList.php(18): Composer\Autoload\ClassLoader->loadClass('Google_Collection')
 7 APPPATH/ThirdParty/Google/google-api-php-client/vendor/composer/ClassLoader.php(444): include('APPPATH/ThirdParty/Google/google-api-php-client/vendor/google/apiclient-services/src/Google/Service/Drive/FileList.php')
 8 APPPATH/ThirdParty/Google/google-api-php-client/vendor/composer/ClassLoader.php(322): Composer\Autoload\includeFile('APPPATH/ThirdParty/Google/google-api-php-client/vendor/google/apiclient-services/src/Google/Service/Drive/FileList.php')
 9 APPPATH/ThirdParty/Google/google-api-php-client/src/Google/Http/REST.php(128): Composer\Autoload\ClassLoader->loadClass('Google_Service_Drive_FileList')
10 APPPATH/ThirdParty/Google/google-api-php-client/src/Google/Http/REST.php(94): Google_Http_REST::decodeHttpResponse(Object(GuzzleHttp\Psr7\Response), Object(GuzzleHttp\Psr7\Request), 'Google_Service_Drive_FileList')
11 APPPATH/ThirdParty/Google/google-api-php-client/src/Google/Task/Runner.php(176): Google_Http_REST::doExecute(Object(GuzzleHttp\Client), Object(GuzzleHttp\Psr7\Request), 'Google_Service_Drive_FileList')
12 APPPATH/ThirdParty/Google/google-api-php-client/src/Google/Http/REST.php(58): Google_Task_Runner->run()
13 APPPATH/ThirdParty/Google/google-api-php-client/src/Google/Client.php(798): Google_Http_REST::execute(Object(GuzzleHttp\Client), Object(GuzzleHttp\Psr7\Request), 'Google_Service_Drive_FileList', [])
14 APPPATH/ThirdParty/Google/google-api-php-client/src/Google/Service/Resource.php(232): Google_Client->execute(Object(GuzzleHttp\Psr7\Request), 'Google_Service_Drive_FileList')
15 APPPATH/ThirdParty/Google/google-api-php-client/vendor/google/apiclient-services/src/Google/Service/Drive/Resource/Files.php(206): Google_Service_Resource->call('list', [...], 'Google_Service_Drive_FileList')
16 APPPATH/Libraries/Google.php(83): Google_Service_Drive_Resource_Files->listFiles([...])
17 APPPATH/Libraries/Google.php(158): App\Libraries\Google->_is_folder_exists(Object(Google_Service_Drive), 'temp')
18 APPPATH/Libraries/Google.php(204): App\Libraries\Google->_create_folder('temp')
19 APPPATH/Helpers/app_files_helper.php(219): App\Libraries\Google->upload_file('/tmp/phpm3rbjl', 'Mockup Tótem.png', 'temp')
20 APPPATH/Controllers/Messages.php(377): upload_file_to_temp()
21 SYSTEMPATH/CodeIgniter.php(934): App\Controllers\Messages->upload_file()
22 SYSTEMPATH/CodeIgniter.php(499): CodeIgniter\CodeIgniter->runController(Object(App\Controllers\Messages))
23 SYSTEMPATH/CodeIgniter.php(368): CodeIgniter\CodeIgniter->handleRequest(null, Object(Config\Cache), false)
24 FCPATH/index.php(80): CodeIgniter\CodeIgniter->run()
WARNING - 2026-01-26 06:00:55 --> [DEPRECATED] Return type of Google_Model::offsetUnset($offset) should either be compatible with ArrayAccess::offsetUnset(mixed $offset): void, or the #[\ReturnTypeWillChange] attribute should be used to temporarily suppress the notice in APPPATH/ThirdParty/Google/google-api-php-client/src/Google/Model.php on line 271.
 1 APPPATH/ThirdParty/Google/google-api-php-client/vendor/composer/ClassLoader.php(444): include('APPPATH/ThirdParty/Google/google-api-php-client/src/Google/Model.php')
 2 APPPATH/ThirdParty/Google/google-api-php-client/vendor/composer/ClassLoader.php(322): Composer\Autoload\includeFile('APPPATH/ThirdParty/Google/google-api-php-client/src/Google/Model.php')
 3 APPPATH/ThirdParty/Google/google-api-php-client/src/Google/Collection.php(12): Composer\Autoload\ClassLoader->loadClass('Google_Model')
 4 APPPATH/ThirdParty/Google/google-api-php-client/vendor/composer/ClassLoader.php(444): include('APPPATH/ThirdParty/Google/google-api-php-client/src/Google/Collection.php')
 5 APPPATH/ThirdParty/Google/google-api-php-client/vendor/composer/ClassLoader.php(322): Composer\Autoload\includeFile('APPPATH/ThirdParty/Google/google-api-php-client/src/Google/Collection.php')
 6 APPPATH/ThirdParty/Google/google-api-php-client/vendor/google/apiclient-services/src/Google/Service/Drive/FileList.php(18): Composer\Autoload\ClassLoader->loadClass('Google_Collection')
 7 APPPATH/ThirdParty/Google/google-api-php-client/vendor/composer/ClassLoader.php(444): include('APPPATH/ThirdParty/Google/google-api-php-client/vendor/google/apiclient-services/src/Google/Service/Drive/FileList.php')
 8 APPPATH/ThirdParty/Google/google-api-php-client/vendor/composer/ClassLoader.php(322): Composer\Autoload\includeFile('APPPATH/ThirdParty/Google/google-api-php-client/vendor/google/apiclient-services/src/Google/Service/Drive/FileList.php')
 9 APPPATH/ThirdParty/Google/google-api-php-client/src/Google/Http/REST.php(128): Composer\Autoload\ClassLoader->loadClass('Google_Service_Drive_FileList')
10 APPPATH/ThirdParty/Google/google-api-php-client/src/Google/Http/REST.php(94): Google_Http_REST::decodeHttpResponse(Object(GuzzleHttp\Psr7\Response), Object(GuzzleHttp\Psr7\Request), 'Google_Service_Drive_FileList')
11 APPPATH/ThirdParty/Google/google-api-php-client/src/Google/Task/Runner.php(176): Google_Http_REST::doExecute(Object(GuzzleHttp\Client), Object(GuzzleHttp\Psr7\Request), 'Google_Service_Drive_FileList')
12 APPPATH/ThirdParty/Google/google-api-php-client/src/Google/Http/REST.php(58): Google_Task_Runner->run()
13 APPPATH/ThirdParty/Google/google-api-php-client/src/Google/Client.php(798): Google_Http_REST::execute(Object(GuzzleHttp\Client), Object(GuzzleHttp\Psr7\Request), 'Google_Service_Drive_FileList', [])
14 APPPATH/ThirdParty/Google/google-api-php-client/src/Google/Service/Resource.php(232): Google_Client->execute(Object(GuzzleHttp\Psr7\Request), 'Google_Service_Drive_FileList')
15 APPPATH/ThirdParty/Google/google-api-php-client/vendor/google/apiclient-services/src/Google/Service/Drive/Resource/Files.php(206): Google_Service_Resource->call('list', [...], 'Google_Service_Drive_FileList')
16 APPPATH/Libraries/Google.php(83): Google_Service_Drive_Resource_Files->listFiles([...])
17 APPPATH/Libraries/Google.php(158): App\Libraries\Google->_is_folder_exists(Object(Google_Service_Drive), 'temp')
18 APPPATH/Libraries/Google.php(204): App\Libraries\Google->_create_folder('temp')
19 APPPATH/Helpers/app_files_helper.php(219): App\Libraries\Google->upload_file('/tmp/phpm3rbjl', 'Mockup Tótem.png', 'temp')
20 APPPATH/Controllers/Messages.php(377): upload_file_to_temp()
21 SYSTEMPATH/CodeIgniter.php(934): App\Controllers\Messages->upload_file()
22 SYSTEMPATH/CodeIgniter.php(499): CodeIgniter\CodeIgniter->runController(Object(App\Controllers\Messages))
23 SYSTEMPATH/CodeIgniter.php(368): CodeIgniter\CodeIgniter->handleRequest(null, Object(Config\Cache), false)
24 FCPATH/index.php(80): CodeIgniter\CodeIgniter->run()
WARNING - 2026-01-26 06:00:55 --> [DEPRECATED] Return type of Google_Collection::current() should either be compatible with Iterator::current(): mixed, or the #[\ReturnTypeWillChange] attribute should be used to temporarily suppress the notice in APPPATH/ThirdParty/Google/google-api-php-client/src/Google/Collection.php on line 24.
 1 APPPATH/ThirdParty/Google/google-api-php-client/vendor/composer/ClassLoader.php(444): include('APPPATH/ThirdParty/Google/google-api-php-client/src/Google/Collection.php')
 2 APPPATH/ThirdParty/Google/google-api-php-client/vendor/composer/ClassLoader.php(322): Composer\Autoload\includeFile('APPPATH/ThirdParty/Google/google-api-php-client/src/Google/Collection.php')
 3 APPPATH/ThirdParty/Google/google-api-php-client/vendor/google/apiclient-services/src/Google/Service/Drive/FileList.php(18): Composer\Autoload\ClassLoader->loadClass('Google_Collection')
 4 APPPATH/ThirdParty/Google/google-api-php-client/vendor/composer/ClassLoader.php(444): include('APPPATH/ThirdParty/Google/google-api-php-client/vendor/google/apiclient-services/src/Google/Service/Drive/FileList.php')
 5 APPPATH/ThirdParty/Google/google-api-php-client/vendor/composer/ClassLoader.php(322): Composer\Autoload\includeFile('APPPATH/ThirdParty/Google/google-api-php-client/vendor/google/apiclient-services/src/Google/Service/Drive/FileList.php')
 6 APPPATH/ThirdParty/Google/google-api-php-client/src/Google/Http/REST.php(128): Composer\Autoload\ClassLoader->loadClass('Google_Service_Drive_FileList')
 7 APPPATH/ThirdParty/Google/google-api-php-client/src/Google/Http/REST.php(94): Google_Http_REST::decodeHttpResponse(Object(GuzzleHttp\Psr7\Response), Object(GuzzleHttp\Psr7\Request), 'Google_Service_Drive_FileList')
 8 APPPATH/ThirdParty/Google/google-api-php-client/src/Google/Task/Runner.php(176): Google_Http_REST::doExecute(Object(GuzzleHttp\Client), Object(GuzzleHttp\Psr7\Request), 'Google_Service_Drive_FileList')
 9 APPPATH/ThirdParty/Google/google-api-php-client/src/Google/Http/REST.php(58): Google_Task_Runner->run()
10 APPPATH/ThirdParty/Google/google-api-php-client/src/Google/Client.php(798): Google_Http_REST::execute(Object(GuzzleHttp\Client), Object(GuzzleHttp\Psr7\Request), 'Google_Service_Drive_FileList', [])
11 APPPATH/ThirdParty/Google/google-api-php-client/src/Google/Service/Resource.php(232): Google_Client->execute(Object(GuzzleHttp\Psr7\Request), 'Google_Service_Drive_FileList')
12 APPPATH/ThirdParty/Google/google-api-php-client/vendor/google/apiclient-services/src/Google/Service/Drive/Resource/Files.php(206): Google_Service_Resource->call('list', [...], 'Google_Service_Drive_FileList')
13 APPPATH/Libraries/Google.php(83): Google_Service_Drive_Resource_Files->listFiles([...])
14 APPPATH/Libraries/Google.php(158): App\Libraries\Google->_is_folder_exists(Object(Google_Service_Drive), 'temp')
15 APPPATH/Libraries/Google.php(204): App\Libraries\Google->_create_folder('temp')
16 APPPATH/Helpers/app_files_helper.php(219): App\Libraries\Google->upload_file('/tmp/phpm3rbjl', 'Mockup Tótem.png', 'temp')
17 APPPATH/Controllers/Messages.php(377): upload_file_to_temp()
18 SYSTEMPATH/CodeIgniter.php(934): App\Controllers\Messages->upload_file()
19 SYSTEMPATH/CodeIgniter.php(499): CodeIgniter\CodeIgniter->runController(Object(App\Controllers\Messages))
20 SYSTEMPATH/CodeIgniter.php(368): CodeIgniter\CodeIgniter->handleRequest(null, Object(Config\Cache), false)
21 FCPATH/index.php(80): CodeIgniter\CodeIgniter->run()
WARNING - 2026-01-26 06:00:55 --> [DEPRECATED] Return type of Google_Collection::next() should either be compatible with Iterator::next(): void, or the #[\ReturnTypeWillChange] attribute should be used to temporarily suppress the notice in APPPATH/ThirdParty/Google/google-api-php-client/src/Google/Collection.php on line 40.
 1 APPPATH/ThirdParty/Google/google-api-php-client/vendor/composer/ClassLoader.php(444): include('APPPATH/ThirdParty/Google/google-api-php-client/src/Google/Collection.php')
 2 APPPATH/ThirdParty/Google/google-api-php-client/vendor/composer/ClassLoader.php(322): Composer\Autoload\includeFile('APPPATH/ThirdParty/Google/google-api-php-client/src/Google/Collection.php')
 3 APPPATH/ThirdParty/Google/google-api-php-client/vendor/google/apiclient-services/src/Google/Service/Drive/FileList.php(18): Composer\Autoload\ClassLoader->loadClass('Google_Collection')
 4 APPPATH/ThirdParty/Google/google-api-php-client/vendor/composer/ClassLoader.php(444): include('APPPATH/ThirdParty/Google/google-api-php-client/vendor/google/apiclient-services/src/Google/Service/Drive/FileList.php')
 5 APPPATH/ThirdParty/Google/google-api-php-client/vendor/composer/ClassLoader.php(322): Composer\Autoload\includeFile('APPPATH/ThirdParty/Google/google-api-php-client/vendor/google/apiclient-services/src/Google/Service/Drive/FileList.php')
 6 APPPATH/ThirdParty/Google/google-api-php-client/src/Google/Http/REST.php(128): Composer\Autoload\ClassLoader->loadClass('Google_Service_Drive_FileList')
 7 APPPATH/ThirdParty/Google/google-api-php-client/src/Google/Http/REST.php(94): Google_Http_REST::decodeHttpResponse(Object(GuzzleHttp\Psr7\Response), Object(GuzzleHttp\Psr7\Request), 'Google_Service_Drive_FileList')
 8 APPPATH/ThirdParty/Google/google-api-php-client/src/Google/Task/Runner.php(176): Google_Http_REST::doExecute(Object(GuzzleHttp\Client), Object(GuzzleHttp\Psr7\Request), 'Google_Service_Drive_FileList')
 9 APPPATH/ThirdParty/Google/google-api-php-client/src/Google/Http/REST.php(58): Google_Task_Runner->run()
10 APPPATH/ThirdParty/Google/google-api-php-client/src/Google/Client.php(798): Google_Http_REST::execute(Object(GuzzleHttp\Client), Object(GuzzleHttp\Psr7\Request), 'Google_Service_Drive_FileList', [])
11 APPPATH/ThirdParty/Google/google-api-php-client/src/Google/Service/Resource.php(232): Google_Client->execute(Object(GuzzleHttp\Psr7\Request), 'Google_Service_Drive_FileList')
12 APPPATH/ThirdParty/Google/google-api-php-client/vendor/google/apiclient-services/src/Google/Service/Drive/Resource/Files.php(206): Google_Service_Resource->call('list', [...], 'Google_Service_Drive_FileList')
13 APPPATH/Libraries/Google.php(83): Google_Service_Drive_Resource_Files->listFiles([...])
14 APPPATH/Libraries/Google.php(158): App\Libraries\Google->_is_folder_exists(Object(Google_Service_Drive), 'temp')
15 APPPATH/Libraries/Google.php(204): App\Libraries\Google->_create_folder('temp')
16 APPPATH/Helpers/app_files_helper.php(219): App\Libraries\Google->upload_file('/tmp/phpm3rbjl', 'Mockup Tótem.png', 'temp')
17 APPPATH/Controllers/Messages.php(377): upload_file_to_temp()
18 SYSTEMPATH/CodeIgniter.php(934): App\Controllers\Messages->upload_file()
19 SYSTEMPATH/CodeIgniter.php(499): CodeIgniter\CodeIgniter->runController(Object(App\Controllers\Messages))
20 SYSTEMPATH/CodeIgniter.php(368): CodeIgniter\CodeIgniter->handleRequest(null, Object(Config\Cache), false)
21 FCPATH/index.php(80): CodeIgniter\CodeIgniter->run()
WARNING - 2026-01-26 06:00:55 --> [DEPRECATED] Return type of Google_Collection::key() should either be compatible with Iterator::key(): mixed, or the #[\ReturnTypeWillChange] attribute should be used to temporarily suppress the notice in APPPATH/ThirdParty/Google/google-api-php-client/src/Google/Collection.php on line 32.
 1 APPPATH/ThirdParty/Google/google-api-php-client/vendor/composer/ClassLoader.php(444): include('APPPATH/ThirdParty/Google/google-api-php-client/src/Google/Collection.php')
 2 APPPATH/ThirdParty/Google/google-api-php-client/vendor/composer/ClassLoader.php(322): Composer\Autoload\includeFile('APPPATH/ThirdParty/Google/google-api-php-client/src/Google/Collection.php')
 3 APPPATH/ThirdParty/Google/google-api-php-client/vendor/google/apiclient-services/src/Google/Service/Drive/FileList.php(18): Composer\Autoload\ClassLoader->loadClass('Google_Collection')
 4 APPPATH/ThirdParty/Google/google-api-php-client/vendor/composer/ClassLoader.php(444): include('APPPATH/ThirdParty/Google/google-api-php-client/vendor/google/apiclient-services/src/Google/Service/Drive/FileList.php')
 5 APPPATH/ThirdParty/Google/google-api-php-client/vendor/composer/ClassLoader.php(322): Composer\Autoload\includeFile('APPPATH/ThirdParty/Google/google-api-php-client/vendor/google/apiclient-services/src/Google/Service/Drive/FileList.php')
 6 APPPATH/ThirdParty/Google/google-api-php-client/src/Google/Http/REST.php(128): Composer\Autoload\ClassLoader->loadClass('Google_Service_Drive_FileList')
 7 APPPATH/ThirdParty/Google/google-api-php-client/src/Google/Http/REST.php(94): Google_Http_REST::decodeHttpResponse(Object(GuzzleHttp\Psr7\Response), Object(GuzzleHttp\Psr7\Request), 'Google_Service_Drive_FileList')
 8 APPPATH/ThirdParty/Google/google-api-php-client/src/Google/Task/Runner.php(176): Google_Http_REST::doExecute(Object(GuzzleHttp\Client), Object(GuzzleHttp\Psr7\Request), 'Google_Service_Drive_FileList')
 9 APPPATH/ThirdParty/Google/google-api-php-client/src/Google/Http/REST.php(58): Google_Task_Runner->run()
10 APPPATH/ThirdParty/Google/google-api-php-client/src/Google/Client.php(798): Google_Http_REST::execute(Object(GuzzleHttp\Client), Object(GuzzleHttp\Psr7\Request), 'Google_Service_Drive_FileList', [])
11 APPPATH/ThirdParty/Google/google-api-php-client/src/Google/Service/Resource.php(232): Google_Client->execute(Object(GuzzleHttp\Psr7\Request), 'Google_Service_Drive_FileList')
12 APPPATH/ThirdParty/Google/google-api-php-client/vendor/google/apiclient-services/src/Google/Service/Drive/Resource/Files.php(206): Google_Service_Resource->call('list', [...], 'Google_Service_Drive_FileList')
13 APPPATH/Libraries/Google.php(83): Google_Service_Drive_Resource_Files->listFiles([...])
14 APPPATH/Libraries/Google.php(158): App\Libraries\Google->_is_folder_exists(Object(Google_Service_Drive), 'temp')
15 APPPATH/Libraries/Google.php(204): App\Libraries\Google->_create_folder('temp')
16 APPPATH/Helpers/app_files_helper.php(219): App\Libraries\Google->upload_file('/tmp/phpm3rbjl', 'Mockup Tótem.png', 'temp')
17 APPPATH/Controllers/Messages.php(377): upload_file_to_temp()
18 SYSTEMPATH/CodeIgniter.php(934): App\Controllers\Messages->upload_file()
19 SYSTEMPATH/CodeIgniter.php(499): CodeIgniter\CodeIgniter->runController(Object(App\Controllers\Messages))
20 SYSTEMPATH/CodeIgniter.php(368): CodeIgniter\CodeIgniter->handleRequest(null, Object(Config\Cache), false)
21 FCPATH/index.php(80): CodeIgniter\CodeIgniter->run()
WARNING - 2026-01-26 06:00:55 --> [DEPRECATED] Return type of Google_Collection::valid() should either be compatible with Iterator::valid(): bool, or the #[\ReturnTypeWillChange] attribute should be used to temporarily suppress the notice in APPPATH/ThirdParty/Google/google-api-php-client/src/Google/Collection.php on line 45.
 1 APPPATH/ThirdParty/Google/google-api-php-client/vendor/composer/ClassLoader.php(444): include('APPPATH/ThirdParty/Google/google-api-php-client/src/Google/Collection.php')
 2 APPPATH/ThirdParty/Google/google-api-php-client/vendor/composer/ClassLoader.php(322): Composer\Autoload\includeFile('APPPATH/ThirdParty/Google/google-api-php-client/src/Google/Collection.php')
 3 APPPATH/ThirdParty/Google/google-api-php-client/vendor/google/apiclient-services/src/Google/Service/Drive/FileList.php(18): Composer\Autoload\ClassLoader->loadClass('Google_Collection')
 4 APPPATH/ThirdParty/Google/google-api-php-client/vendor/composer/ClassLoader.php(444): include('APPPATH/ThirdParty/Google/google-api-php-client/vendor/google/apiclient-services/src/Google/Service/Drive/FileList.php')
 5 APPPATH/ThirdParty/Google/google-api-php-client/vendor/composer/ClassLoader.php(322): Composer\Autoload\includeFile('APPPATH/ThirdParty/Google/google-api-php-client/vendor/google/apiclient-services/src/Google/Service/Drive/FileList.php')
 6 APPPATH/ThirdParty/Google/google-api-php-client/src/Google/Http/REST.php(128): Composer\Autoload\ClassLoader->loadClass('Google_Service_Drive_FileList')
 7 APPPATH/ThirdParty/Google/google-api-php-client/src/Google/Http/REST.php(94): Google_Http_REST::decodeHttpResponse(Object(GuzzleHttp\Psr7\Response), Object(GuzzleHttp\Psr7\Request), 'Google_Service_Drive_FileList')
 8 APPPATH/ThirdParty/Google/google-api-php-client/src/Google/Task/Runner.php(176): Google_Http_REST::doExecute(Object(GuzzleHttp\Client), Object(GuzzleHttp\Psr7\Request), 'Google_Service_Drive_FileList')
 9 APPPATH/ThirdParty/Google/google-api-php-client/src/Google/Http/REST.php(58): Google_Task_Runner->run()
10 APPPATH/ThirdParty/Google/google-api-php-client/src/Google/Client.php(798): Google_Http_REST::execute(Object(GuzzleHttp\Client), Object(GuzzleHttp\Psr7\Request), 'Google_Service_Drive_FileList', [])
11 APPPATH/ThirdParty/Google/google-api-php-client/src/Google/Service/Resource.php(232): Google_Client->execute(Object(GuzzleHttp\Psr7\Request), 'Google_Service_Drive_FileList')
12 APPPATH/ThirdParty/Google/google-api-php-client/vendor/google/apiclient-services/src/Google/Service/Drive/Resource/Files.php(206): Google_Service_Resource->call('list', [...], 'Google_Service_Drive_FileList')
13 APPPATH/Libraries/Google.php(83): Google_Service_Drive_Resource_Files->listFiles([...])
14 APPPATH/Libraries/Google.php(158): App\Libraries\Google->_is_folder_exists(Object(Google_Service_Drive), 'temp')
15 APPPATH/Libraries/Google.php(204): App\Libraries\Google->_create_folder('temp')
16 APPPATH/Helpers/app_files_helper.php(219): App\Libraries\Google->upload_file('/tmp/phpm3rbjl', 'Mockup Tótem.png', 'temp')
17 APPPATH/Controllers/Messages.php(377): upload_file_to_temp()
18 SYSTEMPATH/CodeIgniter.php(934): App\Controllers\Messages->upload_file()
19 SYSTEMPATH/CodeIgniter.php(499): CodeIgniter\CodeIgniter->runController(Object(App\Controllers\Messages))
20 SYSTEMPATH/CodeIgniter.php(368): CodeIgniter\CodeIgniter->handleRequest(null, Object(Config\Cache), false)
21 FCPATH/index.php(80): CodeIgniter\CodeIgniter->run()
WARNING - 2026-01-26 06:00:55 --> [DEPRECATED] Return type of Google_Collection::rewind() should either be compatible with Iterator::rewind(): void, or the #[\ReturnTypeWillChange] attribute should be used to temporarily suppress the notice in APPPATH/ThirdParty/Google/google-api-php-client/src/Google/Collection.php on line 16.
 1 APPPATH/ThirdParty/Google/google-api-php-client/vendor/composer/ClassLoader.php(444): include('APPPATH/ThirdParty/Google/google-api-php-client/src/Google/Collection.php')
 2 APPPATH/ThirdParty/Google/google-api-php-client/vendor/composer/ClassLoader.php(322): Composer\Autoload\includeFile('APPPATH/ThirdParty/Google/google-api-php-client/src/Google/Collection.php')
 3 APPPATH/ThirdParty/Google/google-api-php-client/vendor/google/apiclient-services/src/Google/Service/Drive/FileList.php(18): Composer\Autoload\ClassLoader->loadClass('Google_Collection')
 4 APPPATH/ThirdParty/Google/google-api-php-client/vendor/composer/ClassLoader.php(444): include('APPPATH/ThirdParty/Google/google-api-php-client/vendor/google/apiclient-services/src/Google/Service/Drive/FileList.php')
 5 APPPATH/ThirdParty/Google/google-api-php-client/vendor/composer/ClassLoader.php(322): Composer\Autoload\includeFile('APPPATH/ThirdParty/Google/google-api-php-client/vendor/google/apiclient-services/src/Google/Service/Drive/FileList.php')
 6 APPPATH/ThirdParty/Google/google-api-php-client/src/Google/Http/REST.php(128): Composer\Autoload\ClassLoader->loadClass('Google_Service_Drive_FileList')
 7 APPPATH/ThirdParty/Google/google-api-php-client/src/Google/Http/REST.php(94): Google_Http_REST::decodeHttpResponse(Object(GuzzleHttp\Psr7\Response), Object(GuzzleHttp\Psr7\Request), 'Google_Service_Drive_FileList')
 8 APPPATH/ThirdParty/Google/google-api-php-client/src/Google/Task/Runner.php(176): Google_Http_REST::doExecute(Object(GuzzleHttp\Client), Object(GuzzleHttp\Psr7\Request), 'Google_Service_Drive_FileList')
 9 APPPATH/ThirdParty/Google/google-api-php-client/src/Google/Http/REST.php(58): Google_Task_Runner->run()
10 APPPATH/ThirdParty/Google/google-api-php-client/src/Google/Client.php(798): Google_Http_REST::execute(Object(GuzzleHttp\Client), Object(GuzzleHttp\Psr7\Request), 'Google_Service_Drive_FileList', [])
11 APPPATH/ThirdParty/Google/google-api-php-client/src/Google/Service/Resource.php(232): Google_Client->execute(Object(GuzzleHttp\Psr7\Request), 'Google_Service_Drive_FileList')
12 APPPATH/ThirdParty/Google/google-api-php-client/vendor/google/apiclient-services/src/Google/Service/Drive/Resource/Files.php(206): Google_Service_Resource->call('list', [...], 'Google_Service_Drive_FileList')
13 APPPATH/Libraries/Google.php(83): Google_Service_Drive_Resource_Files->listFiles([...])
14 APPPATH/Libraries/Google.php(158): App\Libraries\Google->_is_folder_exists(Object(Google_Service_Drive), 'temp')
15 APPPATH/Libraries/Google.php(204): App\Libraries\Google->_create_folder('temp')
16 APPPATH/Helpers/app_files_helper.php(219): App\Libraries\Google->upload_file('/tmp/phpm3rbjl', 'Mockup Tótem.png', 'temp')
17 APPPATH/Controllers/Messages.php(377): upload_file_to_temp()
18 SYSTEMPATH/CodeIgniter.php(934): App\Controllers\Messages->upload_file()
19 SYSTEMPATH/CodeIgniter.php(499): CodeIgniter\CodeIgniter->runController(Object(App\Controllers\Messages))
20 SYSTEMPATH/CodeIgniter.php(368): CodeIgniter\CodeIgniter->handleRequest(null, Object(Config\Cache), false)
21 FCPATH/index.php(80): CodeIgniter\CodeIgniter->run()
WARNING - 2026-01-26 06:00:55 --> [DEPRECATED] Return type of Google_Collection::count() should either be compatible with Countable::count(): int, or the #[\ReturnTypeWillChange] attribute should be used to temporarily suppress the notice in APPPATH/ThirdParty/Google/google-api-php-client/src/Google/Collection.php on line 51.
 1 APPPATH/ThirdParty/Google/google-api-php-client/vendor/composer/ClassLoader.php(444): include('APPPATH/ThirdParty/Google/google-api-php-client/src/Google/Collection.php')
 2 APPPATH/ThirdParty/Google/google-api-php-client/vendor/composer/ClassLoader.php(322): Composer\Autoload\includeFile('APPPATH/ThirdParty/Google/google-api-php-client/src/Google/Collection.php')
 3 APPPATH/ThirdParty/Google/google-api-php-client/vendor/google/apiclient-services/src/Google/Service/Drive/FileList.php(18): Composer\Autoload\ClassLoader->loadClass('Google_Collection')
 4 APPPATH/ThirdParty/Google/google-api-php-client/vendor/composer/ClassLoader.php(444): include('APPPATH/ThirdParty/Google/google-api-php-client/vendor/google/apiclient-services/src/Google/Service/Drive/FileList.php')
 5 APPPATH/ThirdParty/Google/google-api-php-client/vendor/composer/ClassLoader.php(322): Composer\Autoload\includeFile('APPPATH/ThirdParty/Google/google-api-php-client/vendor/google/apiclient-services/src/Google/Service/Drive/FileList.php')
 6 APPPATH/ThirdParty/Google/google-api-php-client/src/Google/Http/REST.php(128): Composer\Autoload\ClassLoader->loadClass('Google_Service_Drive_FileList')
 7 APPPATH/ThirdParty/Google/google-api-php-client/src/Google/Http/REST.php(94): Google_Http_REST::decodeHttpResponse(Object(GuzzleHttp\Psr7\Response), Object(GuzzleHttp\Psr7\Request), 'Google_Service_Drive_FileList')
 8 APPPATH/ThirdParty/Google/google-api-php-client/src/Google/Task/Runner.php(176): Google_Http_REST::doExecute(Object(GuzzleHttp\Client), Object(GuzzleHttp\Psr7\Request), 'Google_Service_Drive_FileList')
 9 APPPATH/ThirdParty/Google/google-api-php-client/src/Google/Http/REST.php(58): Google_Task_Runner->run()
10 APPPATH/ThirdParty/Google/google-api-php-client/src/Google/Client.php(798): Google_Http_REST::execute(Object(GuzzleHttp\Client), Object(GuzzleHttp\Psr7\Request), 'Google_Service_Drive_FileList', [])
11 APPPATH/ThirdParty/Google/google-api-php-client/src/Google/Service/Resource.php(232): Google_Client->execute(Object(GuzzleHttp\Psr7\Request), 'Google_Service_Drive_FileList')
12 APPPATH/ThirdParty/Google/google-api-php-client/vendor/google/apiclient-services/src/Google/Service/Drive/Resource/Files.php(206): Google_Service_Resource->call('list', [...], 'Google_Service_Drive_FileList')
13 APPPATH/Libraries/Google.php(83): Google_Service_Drive_Resource_Files->listFiles([...])
14 APPPATH/Libraries/Google.php(158): App\Libraries\Google->_is_folder_exists(Object(Google_Service_Drive), 'temp')
15 APPPATH/Libraries/Google.php(204): App\Libraries\Google->_create_folder('temp')
16 APPPATH/Helpers/app_files_helper.php(219): App\Libraries\Google->upload_file('/tmp/phpm3rbjl', 'Mockup Tótem.png', 'temp')
17 APPPATH/Controllers/Messages.php(377): upload_file_to_temp()
18 SYSTEMPATH/CodeIgniter.php(934): App\Controllers\Messages->upload_file()
19 SYSTEMPATH/CodeIgniter.php(499): CodeIgniter\CodeIgniter->runController(Object(App\Controllers\Messages))
20 SYSTEMPATH/CodeIgniter.php(368): CodeIgniter\CodeIgniter->handleRequest(null, Object(Config\Cache), false)
21 FCPATH/index.php(80): CodeIgniter\CodeIgniter->run()
WARNING - 2026-01-26 06:01:47 --> [DEPRECATED] Return type of Google_Model::offsetExists($offset) should either be compatible with ArrayAccess::offsetExists(mixed $offset): bool, or the #[\ReturnTypeWillChange] attribute should be used to temporarily suppress the notice in APPPATH/ThirdParty/Google/google-api-php-client/src/Google/Model.php on line 249.
 1 APPPATH/ThirdParty/Google/google-api-php-client/vendor/composer/ClassLoader.php(444): include('APPPATH/ThirdParty/Google/google-api-php-client/src/Google/Model.php')
 2 APPPATH/ThirdParty/Google/google-api-php-client/vendor/composer/ClassLoader.php(322): Composer\Autoload\includeFile('APPPATH/ThirdParty/Google/google-api-php-client/src/Google/Model.php')
 3 APPPATH/ThirdParty/Google/google-api-php-client/src/Google/Collection.php(12): Composer\Autoload\ClassLoader->loadClass('Google_Model')
 4 APPPATH/ThirdParty/Google/google-api-php-client/vendor/composer/ClassLoader.php(444): include('APPPATH/ThirdParty/Google/google-api-php-client/src/Google/Collection.php')
 5 APPPATH/ThirdParty/Google/google-api-php-client/vendor/composer/ClassLoader.php(322): Composer\Autoload\includeFile('APPPATH/ThirdParty/Google/google-api-php-client/src/Google/Collection.php')
 6 APPPATH/ThirdParty/Google/google-api-php-client/vendor/google/apiclient-services/src/Google/Service/Drive/FileList.php(18): Composer\Autoload\ClassLoader->loadClass('Google_Collection')
 7 APPPATH/ThirdParty/Google/google-api-php-client/vendor/composer/ClassLoader.php(444): include('APPPATH/ThirdParty/Google/google-api-php-client/vendor/google/apiclient-services/src/Google/Service/Drive/FileList.php')
 8 APPPATH/ThirdParty/Google/google-api-php-client/vendor/composer/ClassLoader.php(322): Composer\Autoload\includeFile('APPPATH/ThirdParty/Google/google-api-php-client/vendor/google/apiclient-services/src/Google/Service/Drive/FileList.php')
 9 APPPATH/ThirdParty/Google/google-api-php-client/src/Google/Http/REST.php(128): Composer\Autoload\ClassLoader->loadClass('Google_Service_Drive_FileList')
10 APPPATH/ThirdParty/Google/google-api-php-client/src/Google/Http/REST.php(94): Google_Http_REST::decodeHttpResponse(Object(GuzzleHttp\Psr7\Response), Object(GuzzleHttp\Psr7\Request), 'Google_Service_Drive_FileList')
11 APPPATH/ThirdParty/Google/google-api-php-client/src/Google/Task/Runner.php(176): Google_Http_REST::doExecute(Object(GuzzleHttp\Client), Object(GuzzleHttp\Psr7\Request), 'Google_Service_Drive_FileList')
12 APPPATH/ThirdParty/Google/google-api-php-client/src/Google/Http/REST.php(58): Google_Task_Runner->run()
13 APPPATH/ThirdParty/Google/google-api-php-client/src/Google/Client.php(798): Google_Http_REST::execute(Object(GuzzleHttp\Client), Object(GuzzleHttp\Psr7\Request), 'Google_Service_Drive_FileList', [])
14 APPPATH/ThirdParty/Google/google-api-php-client/src/Google/Service/Resource.php(232): Google_Client->execute(Object(GuzzleHttp\Psr7\Request), 'Google_Service_Drive_FileList')
15 APPPATH/ThirdParty/Google/google-api-php-client/vendor/google/apiclient-services/src/Google/Service/Drive/Resource/Files.php(206): Google_Service_Resource->call('list', [...], 'Google_Service_Drive_FileList')
16 APPPATH/Libraries/Google.php(83): Google_Service_Drive_Resource_Files->listFiles([...])
17 APPPATH/Libraries/Google.php(158): App\Libraries\Google->_is_folder_exists(Object(Google_Service_Drive), 'timeline_files')
18 APPPATH/Libraries/Google.php(251): App\Libraries\Google->_create_folder('timeline_files')
19 APPPATH/Helpers/app_files_helper.php(296): App\Libraries\Google->move_temp_file('Mockup Tótem.png', 'message_file697757ab16f29-Mockup-Tótem.png', 'timeline_files')
20 APPPATH/Helpers/app_files_helper.php(537): move_temp_file('Mockup Tótem.png', 'FCPATH/files/timeline_files', 'message')
21 APPPATH/Controllers/Messages.php(218): move_files_from_temp_dir_to_permanent_dir('FCPATH/files/timeline_files', 'message')
22 SYSTEMPATH/CodeIgniter.php(934): App\Controllers\Messages->send_message()
23 SYSTEMPATH/CodeIgniter.php(499): CodeIgniter\CodeIgniter->runController(Object(App\Controllers\Messages))
24 SYSTEMPATH/CodeIgniter.php(368): CodeIgniter\CodeIgniter->handleRequest(null, Object(Config\Cache), false)
25 FCPATH/index.php(80): CodeIgniter\CodeIgniter->run()
WARNING - 2026-01-26 06:01:47 --> [DEPRECATED] Return type of Google_Model::offsetGet($offset) should either be compatible with ArrayAccess::offsetGet(mixed $offset): mixed, or the #[\ReturnTypeWillChange] attribute should be used to temporarily suppress the notice in APPPATH/ThirdParty/Google/google-api-php-client/src/Google/Model.php on line 254.
 1 APPPATH/ThirdParty/Google/google-api-php-client/vendor/composer/ClassLoader.php(444): include('APPPATH/ThirdParty/Google/google-api-php-client/src/Google/Model.php')
 2 APPPATH/ThirdParty/Google/google-api-php-client/vendor/composer/ClassLoader.php(322): Composer\Autoload\includeFile('APPPATH/ThirdParty/Google/google-api-php-client/src/Google/Model.php')
 3 APPPATH/ThirdParty/Google/google-api-php-client/src/Google/Collection.php(12): Composer\Autoload\ClassLoader->loadClass('Google_Model')
 4 APPPATH/ThirdParty/Google/google-api-php-client/vendor/composer/ClassLoader.php(444): include('APPPATH/ThirdParty/Google/google-api-php-client/src/Google/Collection.php')
 5 APPPATH/ThirdParty/Google/google-api-php-client/vendor/composer/ClassLoader.php(322): Composer\Autoload\includeFile('APPPATH/ThirdParty/Google/google-api-php-client/src/Google/Collection.php')
 6 APPPATH/ThirdParty/Google/google-api-php-client/vendor/google/apiclient-services/src/Google/Service/Drive/FileList.php(18): Composer\Autoload\ClassLoader->loadClass('Google_Collection')
 7 APPPATH/ThirdParty/Google/google-api-php-client/vendor/composer/ClassLoader.php(444): include('APPPATH/ThirdParty/Google/google-api-php-client/vendor/google/apiclient-services/src/Google/Service/Drive/FileList.php')
 8 APPPATH/ThirdParty/Google/google-api-php-client/vendor/composer/ClassLoader.php(322): Composer\Autoload\includeFile('APPPATH/ThirdParty/Google/google-api-php-client/vendor/google/apiclient-services/src/Google/Service/Drive/FileList.php')
 9 APPPATH/ThirdParty/Google/google-api-php-client/src/Google/Http/REST.php(128): Composer\Autoload\ClassLoader->loadClass('Google_Service_Drive_FileList')
10 APPPATH/ThirdParty/Google/google-api-php-client/src/Google/Http/REST.php(94): Google_Http_REST::decodeHttpResponse(Object(GuzzleHttp\Psr7\Response), Object(GuzzleHttp\Psr7\Request), 'Google_Service_Drive_FileList')
11 APPPATH/ThirdParty/Google/google-api-php-client/src/Google/Task/Runner.php(176): Google_Http_REST::doExecute(Object(GuzzleHttp\Client), Object(GuzzleHttp\Psr7\Request), 'Google_Service_Drive_FileList')
12 APPPATH/ThirdParty/Google/google-api-php-client/src/Google/Http/REST.php(58): Google_Task_Runner->run()
13 APPPATH/ThirdParty/Google/google-api-php-client/src/Google/Client.php(798): Google_Http_REST::execute(Object(GuzzleHttp\Client), Object(GuzzleHttp\Psr7\Request), 'Google_Service_Drive_FileList', [])
14 APPPATH/ThirdParty/Google/google-api-php-client/src/Google/Service/Resource.php(232): Google_Client->execute(Object(GuzzleHttp\Psr7\Request), 'Google_Service_Drive_FileList')
15 APPPATH/ThirdParty/Google/google-api-php-client/vendor/google/apiclient-services/src/Google/Service/Drive/Resource/Files.php(206): Google_Service_Resource->call('list', [...], 'Google_Service_Drive_FileList')
16 APPPATH/Libraries/Google.php(83): Google_Service_Drive_Resource_Files->listFiles([...])
17 APPPATH/Libraries/Google.php(158): App\Libraries\Google->_is_folder_exists(Object(Google_Service_Drive), 'timeline_files')
18 APPPATH/Libraries/Google.php(251): App\Libraries\Google->_create_folder('timeline_files')
19 APPPATH/Helpers/app_files_helper.php(296): App\Libraries\Google->move_temp_file('Mockup Tótem.png', 'message_file697757ab16f29-Mockup-Tótem.png', 'timeline_files')
20 APPPATH/Helpers/app_files_helper.php(537): move_temp_file('Mockup Tótem.png', 'FCPATH/files/timeline_files', 'message')
21 APPPATH/Controllers/Messages.php(218): move_files_from_temp_dir_to_permanent_dir('FCPATH/files/timeline_files', 'message')
22 SYSTEMPATH/CodeIgniter.php(934): App\Controllers\Messages->send_message()
23 SYSTEMPATH/CodeIgniter.php(499): CodeIgniter\CodeIgniter->runController(Object(App\Controllers\Messages))
24 SYSTEMPATH/CodeIgniter.php(368): CodeIgniter\CodeIgniter->handleRequest(null, Object(Config\Cache), false)
25 FCPATH/index.php(80): CodeIgniter\CodeIgniter->run()
WARNING - 2026-01-26 06:01:47 --> [DEPRECATED] Return type of Google_Model::offsetSet($offset, $value) should either be compatible with ArrayAccess::offsetSet(mixed $offset, mixed $value): void, or the #[\ReturnTypeWillChange] attribute should be used to temporarily suppress the notice in APPPATH/ThirdParty/Google/google-api-php-client/src/Google/Model.php on line 261.
 1 APPPATH/ThirdParty/Google/google-api-php-client/vendor/composer/ClassLoader.php(444): include('APPPATH/ThirdParty/Google/google-api-php-client/src/Google/Model.php')
 2 APPPATH/ThirdParty/Google/google-api-php-client/vendor/composer/ClassLoader.php(322): Composer\Autoload\includeFile('APPPATH/ThirdParty/Google/google-api-php-client/src/Google/Model.php')
 3 APPPATH/ThirdParty/Google/google-api-php-client/src/Google/Collection.php(12): Composer\Autoload\ClassLoader->loadClass('Google_Model')
 4 APPPATH/ThirdParty/Google/google-api-php-client/vendor/composer/ClassLoader.php(444): include('APPPATH/ThirdParty/Google/google-api-php-client/src/Google/Collection.php')
 5 APPPATH/ThirdParty/Google/google-api-php-client/vendor/composer/ClassLoader.php(322): Composer\Autoload\includeFile('APPPATH/ThirdParty/Google/google-api-php-client/src/Google/Collection.php')
 6 APPPATH/ThirdParty/Google/google-api-php-client/vendor/google/apiclient-services/src/Google/Service/Drive/FileList.php(18): Composer\Autoload\ClassLoader->loadClass('Google_Collection')
 7 APPPATH/ThirdParty/Google/google-api-php-client/vendor/composer/ClassLoader.php(444): include('APPPATH/ThirdParty/Google/google-api-php-client/vendor/google/apiclient-services/src/Google/Service/Drive/FileList.php')
 8 APPPATH/ThirdParty/Google/google-api-php-client/vendor/composer/ClassLoader.php(322): Composer\Autoload\includeFile('APPPATH/ThirdParty/Google/google-api-php-client/vendor/google/apiclient-services/src/Google/Service/Drive/FileList.php')
 9 APPPATH/ThirdParty/Google/google-api-php-client/src/Google/Http/REST.php(128): Composer\Autoload\ClassLoader->loadClass('Google_Service_Drive_FileList')
10 APPPATH/ThirdParty/Google/google-api-php-client/src/Google/Http/REST.php(94): Google_Http_REST::decodeHttpResponse(Object(GuzzleHttp\Psr7\Response), Object(GuzzleHttp\Psr7\Request), 'Google_Service_Drive_FileList')
11 APPPATH/ThirdParty/Google/google-api-php-client/src/Google/Task/Runner.php(176): Google_Http_REST::doExecute(Object(GuzzleHttp\Client), Object(GuzzleHttp\Psr7\Request), 'Google_Service_Drive_FileList')
12 APPPATH/ThirdParty/Google/google-api-php-client/src/Google/Http/REST.php(58): Google_Task_Runner->run()
13 APPPATH/ThirdParty/Google/google-api-php-client/src/Google/Client.php(798): Google_Http_REST::execute(Object(GuzzleHttp\Client), Object(GuzzleHttp\Psr7\Request), 'Google_Service_Drive_FileList', [])
14 APPPATH/ThirdParty/Google/google-api-php-client/src/Google/Service/Resource.php(232): Google_Client->execute(Object(GuzzleHttp\Psr7\Request), 'Google_Service_Drive_FileList')
15 APPPATH/ThirdParty/Google/google-api-php-client/vendor/google/apiclient-services/src/Google/Service/Drive/Resource/Files.php(206): Google_Service_Resource->call('list', [...], 'Google_Service_Drive_FileList')
16 APPPATH/Libraries/Google.php(83): Google_Service_Drive_Resource_Files->listFiles([...])
17 APPPATH/Libraries/Google.php(158): App\Libraries\Google->_is_folder_exists(Object(Google_Service_Drive), 'timeline_files')
18 APPPATH/Libraries/Google.php(251): App\Libraries\Google->_create_folder('timeline_files')
19 APPPATH/Helpers/app_files_helper.php(296): App\Libraries\Google->move_temp_file('Mockup Tótem.png', 'message_file697757ab16f29-Mockup-Tótem.png', 'timeline_files')
20 APPPATH/Helpers/app_files_helper.php(537): move_temp_file('Mockup Tótem.png', 'FCPATH/files/timeline_files', 'message')
21 APPPATH/Controllers/Messages.php(218): move_files_from_temp_dir_to_permanent_dir('FCPATH/files/timeline_files', 'message')
22 SYSTEMPATH/CodeIgniter.php(934): App\Controllers\Messages->send_message()
23 SYSTEMPATH/CodeIgniter.php(499): CodeIgniter\CodeIgniter->runController(Object(App\Controllers\Messages))
24 SYSTEMPATH/CodeIgniter.php(368): CodeIgniter\CodeIgniter->handleRequest(null, Object(Config\Cache), false)
25 FCPATH/index.php(80): CodeIgniter\CodeIgniter->run()
WARNING - 2026-01-26 06:01:47 --> [DEPRECATED] Return type of Google_Model::offsetUnset($offset) should either be compatible with ArrayAccess::offsetUnset(mixed $offset): void, or the #[\ReturnTypeWillChange] attribute should be used to temporarily suppress the notice in APPPATH/ThirdParty/Google/google-api-php-client/src/Google/Model.php on line 271.
 1 APPPATH/ThirdParty/Google/google-api-php-client/vendor/composer/ClassLoader.php(444): include('APPPATH/ThirdParty/Google/google-api-php-client/src/Google/Model.php')
 2 APPPATH/ThirdParty/Google/google-api-php-client/vendor/composer/ClassLoader.php(322): Composer\Autoload\includeFile('APPPATH/ThirdParty/Google/google-api-php-client/src/Google/Model.php')
 3 APPPATH/ThirdParty/Google/google-api-php-client/src/Google/Collection.php(12): Composer\Autoload\ClassLoader->loadClass('Google_Model')
 4 APPPATH/ThirdParty/Google/google-api-php-client/vendor/composer/ClassLoader.php(444): include('APPPATH/ThirdParty/Google/google-api-php-client/src/Google/Collection.php')
 5 APPPATH/ThirdParty/Google/google-api-php-client/vendor/composer/ClassLoader.php(322): Composer\Autoload\includeFile('APPPATH/ThirdParty/Google/google-api-php-client/src/Google/Collection.php')
 6 APPPATH/ThirdParty/Google/google-api-php-client/vendor/google/apiclient-services/src/Google/Service/Drive/FileList.php(18): Composer\Autoload\ClassLoader->loadClass('Google_Collection')
 7 APPPATH/ThirdParty/Google/google-api-php-client/vendor/composer/ClassLoader.php(444): include('APPPATH/ThirdParty/Google/google-api-php-client/vendor/google/apiclient-services/src/Google/Service/Drive/FileList.php')
 8 APPPATH/ThirdParty/Google/google-api-php-client/vendor/composer/ClassLoader.php(322): Composer\Autoload\includeFile('APPPATH/ThirdParty/Google/google-api-php-client/vendor/google/apiclient-services/src/Google/Service/Drive/FileList.php')
 9 APPPATH/ThirdParty/Google/google-api-php-client/src/Google/Http/REST.php(128): Composer\Autoload\ClassLoader->loadClass('Google_Service_Drive_FileList')
10 APPPATH/ThirdParty/Google/google-api-php-client/src/Google/Http/REST.php(94): Google_Http_REST::decodeHttpResponse(Object(GuzzleHttp\Psr7\Response), Object(GuzzleHttp\Psr7\Request), 'Google_Service_Drive_FileList')
11 APPPATH/ThirdParty/Google/google-api-php-client/src/Google/Task/Runner.php(176): Google_Http_REST::doExecute(Object(GuzzleHttp\Client), Object(GuzzleHttp\Psr7\Request), 'Google_Service_Drive_FileList')
12 APPPATH/ThirdParty/Google/google-api-php-client/src/Google/Http/REST.php(58): Google_Task_Runner->run()
13 APPPATH/ThirdParty/Google/google-api-php-client/src/Google/Client.php(798): Google_Http_REST::execute(Object(GuzzleHttp\Client), Object(GuzzleHttp\Psr7\Request), 'Google_Service_Drive_FileList', [])
14 APPPATH/ThirdParty/Google/google-api-php-client/src/Google/Service/Resource.php(232): Google_Client->execute(Object(GuzzleHttp\Psr7\Request), 'Google_Service_Drive_FileList')
15 APPPATH/ThirdParty/Google/google-api-php-client/vendor/google/apiclient-services/src/Google/Service/Drive/Resource/Files.php(206): Google_Service_Resource->call('list', [...], 'Google_Service_Drive_FileList')
16 APPPATH/Libraries/Google.php(83): Google_Service_Drive_Resource_Files->listFiles([...])
17 APPPATH/Libraries/Google.php(158): App\Libraries\Google->_is_folder_exists(Object(Google_Service_Drive), 'timeline_files')
18 APPPATH/Libraries/Google.php(251): App\Libraries\Google->_create_folder('timeline_files')
19 APPPATH/Helpers/app_files_helper.php(296): App\Libraries\Google->move_temp_file('Mockup Tótem.png', 'message_file697757ab16f29-Mockup-Tótem.png', 'timeline_files')
20 APPPATH/Helpers/app_files_helper.php(537): move_temp_file('Mockup Tótem.png', 'FCPATH/files/timeline_files', 'message')
21 APPPATH/Controllers/Messages.php(218): move_files_from_temp_dir_to_permanent_dir('FCPATH/files/timeline_files', 'message')
22 SYSTEMPATH/CodeIgniter.php(934): App\Controllers\Messages->send_message()
23 SYSTEMPATH/CodeIgniter.php(499): CodeIgniter\CodeIgniter->runController(Object(App\Controllers\Messages))
24 SYSTEMPATH/CodeIgniter.php(368): CodeIgniter\CodeIgniter->handleRequest(null, Object(Config\Cache), false)
25 FCPATH/index.php(80): CodeIgniter\CodeIgniter->run()
WARNING - 2026-01-26 06:01:47 --> [DEPRECATED] Return type of Google_Collection::current() should either be compatible with Iterator::current(): mixed, or the #[\ReturnTypeWillChange] attribute should be used to temporarily suppress the notice in APPPATH/ThirdParty/Google/google-api-php-client/src/Google/Collection.php on line 24.
 1 APPPATH/ThirdParty/Google/google-api-php-client/vendor/composer/ClassLoader.php(444): include('APPPATH/ThirdParty/Google/google-api-php-client/src/Google/Collection.php')
 2 APPPATH/ThirdParty/Google/google-api-php-client/vendor/composer/ClassLoader.php(322): Composer\Autoload\includeFile('APPPATH/ThirdParty/Google/google-api-php-client/src/Google/Collection.php')
 3 APPPATH/ThirdParty/Google/google-api-php-client/vendor/google/apiclient-services/src/Google/Service/Drive/FileList.php(18): Composer\Autoload\ClassLoader->loadClass('Google_Collection')
 4 APPPATH/ThirdParty/Google/google-api-php-client/vendor/composer/ClassLoader.php(444): include('APPPATH/ThirdParty/Google/google-api-php-client/vendor/google/apiclient-services/src/Google/Service/Drive/FileList.php')
 5 APPPATH/ThirdParty/Google/google-api-php-client/vendor/composer/ClassLoader.php(322): Composer\Autoload\includeFile('APPPATH/ThirdParty/Google/google-api-php-client/vendor/google/apiclient-services/src/Google/Service/Drive/FileList.php')
 6 APPPATH/ThirdParty/Google/google-api-php-client/src/Google/Http/REST.php(128): Composer\Autoload\ClassLoader->loadClass('Google_Service_Drive_FileList')
 7 APPPATH/ThirdParty/Google/google-api-php-client/src/Google/Http/REST.php(94): Google_Http_REST::decodeHttpResponse(Object(GuzzleHttp\Psr7\Response), Object(GuzzleHttp\Psr7\Request), 'Google_Service_Drive_FileList')
 8 APPPATH/ThirdParty/Google/google-api-php-client/src/Google/Task/Runner.php(176): Google_Http_REST::doExecute(Object(GuzzleHttp\Client), Object(GuzzleHttp\Psr7\Request), 'Google_Service_Drive_FileList')
 9 APPPATH/ThirdParty/Google/google-api-php-client/src/Google/Http/REST.php(58): Google_Task_Runner->run()
10 APPPATH/ThirdParty/Google/google-api-php-client/src/Google/Client.php(798): Google_Http_REST::execute(Object(GuzzleHttp\Client), Object(GuzzleHttp\Psr7\Request), 'Google_Service_Drive_FileList', [])
11 APPPATH/ThirdParty/Google/google-api-php-client/src/Google/Service/Resource.php(232): Google_Client->execute(Object(GuzzleHttp\Psr7\Request), 'Google_Service_Drive_FileList')
12 APPPATH/ThirdParty/Google/google-api-php-client/vendor/google/apiclient-services/src/Google/Service/Drive/Resource/Files.php(206): Google_Service_Resource->call('list', [...], 'Google_Service_Drive_FileList')
13 APPPATH/Libraries/Google.php(83): Google_Service_Drive_Resource_Files->listFiles([...])
14 APPPATH/Libraries/Google.php(158): App\Libraries\Google->_is_folder_exists(Object(Google_Service_Drive), 'timeline_files')
15 APPPATH/Libraries/Google.php(251): App\Libraries\Google->_create_folder('timeline_files')
16 APPPATH/Helpers/app_files_helper.php(296): App\Libraries\Google->move_temp_file('Mockup Tótem.png', 'message_file697757ab16f29-Mockup-Tótem.png', 'timeline_files')
17 APPPATH/Helpers/app_files_helper.php(537): move_temp_file('Mockup Tótem.png', 'FCPATH/files/timeline_files', 'message')
18 APPPATH/Controllers/Messages.php(218): move_files_from_temp_dir_to_permanent_dir('FCPATH/files/timeline_files', 'message')
19 SYSTEMPATH/CodeIgniter.php(934): App\Controllers\Messages->send_message()
20 SYSTEMPATH/CodeIgniter.php(499): CodeIgniter\CodeIgniter->runController(Object(App\Controllers\Messages))
21 SYSTEMPATH/CodeIgniter.php(368): CodeIgniter\CodeIgniter->handleRequest(null, Object(Config\Cache), false)
22 FCPATH/index.php(80): CodeIgniter\CodeIgniter->run()
WARNING - 2026-01-26 06:01:47 --> [DEPRECATED] Return type of Google_Collection::next() should either be compatible with Iterator::next(): void, or the #[\ReturnTypeWillChange] attribute should be used to temporarily suppress the notice in APPPATH/ThirdParty/Google/google-api-php-client/src/Google/Collection.php on line 40.
 1 APPPATH/ThirdParty/Google/google-api-php-client/vendor/composer/ClassLoader.php(444): include('APPPATH/ThirdParty/Google/google-api-php-client/src/Google/Collection.php')
 2 APPPATH/ThirdParty/Google/google-api-php-client/vendor/composer/ClassLoader.php(322): Composer\Autoload\includeFile('APPPATH/ThirdParty/Google/google-api-php-client/src/Google/Collection.php')
 3 APPPATH/ThirdParty/Google/google-api-php-client/vendor/google/apiclient-services/src/Google/Service/Drive/FileList.php(18): Composer\Autoload\ClassLoader->loadClass('Google_Collection')
 4 APPPATH/ThirdParty/Google/google-api-php-client/vendor/composer/ClassLoader.php(444): include('APPPATH/ThirdParty/Google/google-api-php-client/vendor/google/apiclient-services/src/Google/Service/Drive/FileList.php')
 5 APPPATH/ThirdParty/Google/google-api-php-client/vendor/composer/ClassLoader.php(322): Composer\Autoload\includeFile('APPPATH/ThirdParty/Google/google-api-php-client/vendor/google/apiclient-services/src/Google/Service/Drive/FileList.php')
 6 APPPATH/ThirdParty/Google/google-api-php-client/src/Google/Http/REST.php(128): Composer\Autoload\ClassLoader->loadClass('Google_Service_Drive_FileList')
 7 APPPATH/ThirdParty/Google/google-api-php-client/src/Google/Http/REST.php(94): Google_Http_REST::decodeHttpResponse(Object(GuzzleHttp\Psr7\Response), Object(GuzzleHttp\Psr7\Request), 'Google_Service_Drive_FileList')
 8 APPPATH/ThirdParty/Google/google-api-php-client/src/Google/Task/Runner.php(176): Google_Http_REST::doExecute(Object(GuzzleHttp\Client), Object(GuzzleHttp\Psr7\Request), 'Google_Service_Drive_FileList')
 9 APPPATH/ThirdParty/Google/google-api-php-client/src/Google/Http/REST.php(58): Google_Task_Runner->run()
10 APPPATH/ThirdParty/Google/google-api-php-client/src/Google/Client.php(798): Google_Http_REST::execute(Object(GuzzleHttp\Client), Object(GuzzleHttp\Psr7\Request), 'Google_Service_Drive_FileList', [])
11 APPPATH/ThirdParty/Google/google-api-php-client/src/Google/Service/Resource.php(232): Google_Client->execute(Object(GuzzleHttp\Psr7\Request), 'Google_Service_Drive_FileList')
12 APPPATH/ThirdParty/Google/google-api-php-client/vendor/google/apiclient-services/src/Google/Service/Drive/Resource/Files.php(206): Google_Service_Resource->call('list', [...], 'Google_Service_Drive_FileList')
13 APPPATH/Libraries/Google.php(83): Google_Service_Drive_Resource_Files->listFiles([...])
14 APPPATH/Libraries/Google.php(158): App\Libraries\Google->_is_folder_exists(Object(Google_Service_Drive), 'timeline_files')
15 APPPATH/Libraries/Google.php(251): App\Libraries\Google->_create_folder('timeline_files')
16 APPPATH/Helpers/app_files_helper.php(296): App\Libraries\Google->move_temp_file('Mockup Tótem.png', 'message_file697757ab16f29-Mockup-Tótem.png', 'timeline_files')
17 APPPATH/Helpers/app_files_helper.php(537): move_temp_file('Mockup Tótem.png', 'FCPATH/files/timeline_files', 'message')
18 APPPATH/Controllers/Messages.php(218): move_files_from_temp_dir_to_permanent_dir('FCPATH/files/timeline_files', 'message')
19 SYSTEMPATH/CodeIgniter.php(934): App\Controllers\Messages->send_message()
20 SYSTEMPATH/CodeIgniter.php(499): CodeIgniter\CodeIgniter->runController(Object(App\Controllers\Messages))
21 SYSTEMPATH/CodeIgniter.php(368): CodeIgniter\CodeIgniter->handleRequest(null, Object(Config\Cache), false)
22 FCPATH/index.php(80): CodeIgniter\CodeIgniter->run()
WARNING - 2026-01-26 06:01:47 --> [DEPRECATED] Return type of Google_Collection::key() should either be compatible with Iterator::key(): mixed, or the #[\ReturnTypeWillChange] attribute should be used to temporarily suppress the notice in APPPATH/ThirdParty/Google/google-api-php-client/src/Google/Collection.php on line 32.
 1 APPPATH/ThirdParty/Google/google-api-php-client/vendor/composer/ClassLoader.php(444): include('APPPATH/ThirdParty/Google/google-api-php-client/src/Google/Collection.php')
 2 APPPATH/ThirdParty/Google/google-api-php-client/vendor/composer/ClassLoader.php(322): Composer\Autoload\includeFile('APPPATH/ThirdParty/Google/google-api-php-client/src/Google/Collection.php')
 3 APPPATH/ThirdParty/Google/google-api-php-client/vendor/google/apiclient-services/src/Google/Service/Drive/FileList.php(18): Composer\Autoload\ClassLoader->loadClass('Google_Collection')
 4 APPPATH/ThirdParty/Google/google-api-php-client/vendor/composer/ClassLoader.php(444): include('APPPATH/ThirdParty/Google/google-api-php-client/vendor/google/apiclient-services/src/Google/Service/Drive/FileList.php')
 5 APPPATH/ThirdParty/Google/google-api-php-client/vendor/composer/ClassLoader.php(322): Composer\Autoload\includeFile('APPPATH/ThirdParty/Google/google-api-php-client/vendor/google/apiclient-services/src/Google/Service/Drive/FileList.php')
 6 APPPATH/ThirdParty/Google/google-api-php-client/src/Google/Http/REST.php(128): Composer\Autoload\ClassLoader->loadClass('Google_Service_Drive_FileList')
 7 APPPATH/ThirdParty/Google/google-api-php-client/src/Google/Http/REST.php(94): Google_Http_REST::decodeHttpResponse(Object(GuzzleHttp\Psr7\Response), Object(GuzzleHttp\Psr7\Request), 'Google_Service_Drive_FileList')
 8 APPPATH/ThirdParty/Google/google-api-php-client/src/Google/Task/Runner.php(176): Google_Http_REST::doExecute(Object(GuzzleHttp\Client), Object(GuzzleHttp\Psr7\Request), 'Google_Service_Drive_FileList')
 9 APPPATH/ThirdParty/Google/google-api-php-client/src/Google/Http/REST.php(58): Google_Task_Runner->run()
10 APPPATH/ThirdParty/Google/google-api-php-client/src/Google/Client.php(798): Google_Http_REST::execute(Object(GuzzleHttp\Client), Object(GuzzleHttp\Psr7\Request), 'Google_Service_Drive_FileList', [])
11 APPPATH/ThirdParty/Google/google-api-php-client/src/Google/Service/Resource.php(232): Google_Client->execute(Object(GuzzleHttp\Psr7\Request), 'Google_Service_Drive_FileList')
12 APPPATH/ThirdParty/Google/google-api-php-client/vendor/google/apiclient-services/src/Google/Service/Drive/Resource/Files.php(206): Google_Service_Resource->call('list', [...], 'Google_Service_Drive_FileList')
13 APPPATH/Libraries/Google.php(83): Google_Service_Drive_Resource_Files->listFiles([...])
14 APPPATH/Libraries/Google.php(158): App\Libraries\Google->_is_folder_exists(Object(Google_Service_Drive), 'timeline_files')
15 APPPATH/Libraries/Google.php(251): App\Libraries\Google->_create_folder('timeline_files')
16 APPPATH/Helpers/app_files_helper.php(296): App\Libraries\Google->move_temp_file('Mockup Tótem.png', 'message_file697757ab16f29-Mockup-Tótem.png', 'timeline_files')
17 APPPATH/Helpers/app_files_helper.php(537): move_temp_file('Mockup Tótem.png', 'FCPATH/files/timeline_files', 'message')
18 APPPATH/Controllers/Messages.php(218): move_files_from_temp_dir_to_permanent_dir('FCPATH/files/timeline_files', 'message')
19 SYSTEMPATH/CodeIgniter.php(934): App\Controllers\Messages->send_message()
20 SYSTEMPATH/CodeIgniter.php(499): CodeIgniter\CodeIgniter->runController(Object(App\Controllers\Messages))
21 SYSTEMPATH/CodeIgniter.php(368): CodeIgniter\CodeIgniter->handleRequest(null, Object(Config\Cache), false)
22 FCPATH/index.php(80): CodeIgniter\CodeIgniter->run()
WARNING - 2026-01-26 06:01:47 --> [DEPRECATED] Return type of Google_Collection::valid() should either be compatible with Iterator::valid(): bool, or the #[\ReturnTypeWillChange] attribute should be used to temporarily suppress the notice in APPPATH/ThirdParty/Google/google-api-php-client/src/Google/Collection.php on line 45.
 1 APPPATH/ThirdParty/Google/google-api-php-client/vendor/composer/ClassLoader.php(444): include('APPPATH/ThirdParty/Google/google-api-php-client/src/Google/Collection.php')
 2 APPPATH/ThirdParty/Google/google-api-php-client/vendor/composer/ClassLoader.php(322): Composer\Autoload\includeFile('APPPATH/ThirdParty/Google/google-api-php-client/src/Google/Collection.php')
 3 APPPATH/ThirdParty/Google/google-api-php-client/vendor/google/apiclient-services/src/Google/Service/Drive/FileList.php(18): Composer\Autoload\ClassLoader->loadClass('Google_Collection')
 4 APPPATH/ThirdParty/Google/google-api-php-client/vendor/composer/ClassLoader.php(444): include('APPPATH/ThirdParty/Google/google-api-php-client/vendor/google/apiclient-services/src/Google/Service/Drive/FileList.php')
 5 APPPATH/ThirdParty/Google/google-api-php-client/vendor/composer/ClassLoader.php(322): Composer\Autoload\includeFile('APPPATH/ThirdParty/Google/google-api-php-client/vendor/google/apiclient-services/src/Google/Service/Drive/FileList.php')
 6 APPPATH/ThirdParty/Google/google-api-php-client/src/Google/Http/REST.php(128): Composer\Autoload\ClassLoader->loadClass('Google_Service_Drive_FileList')
 7 APPPATH/ThirdParty/Google/google-api-php-client/src/Google/Http/REST.php(94): Google_Http_REST::decodeHttpResponse(Object(GuzzleHttp\Psr7\Response), Object(GuzzleHttp\Psr7\Request), 'Google_Service_Drive_FileList')
 8 APPPATH/ThirdParty/Google/google-api-php-client/src/Google/Task/Runner.php(176): Google_Http_REST::doExecute(Object(GuzzleHttp\Client), Object(GuzzleHttp\Psr7\Request), 'Google_Service_Drive_FileList')
 9 APPPATH/ThirdParty/Google/google-api-php-client/src/Google/Http/REST.php(58): Google_Task_Runner->run()
10 APPPATH/ThirdParty/Google/google-api-php-client/src/Google/Client.php(798): Google_Http_REST::execute(Object(GuzzleHttp\Client), Object(GuzzleHttp\Psr7\Request), 'Google_Service_Drive_FileList', [])
11 APPPATH/ThirdParty/Google/google-api-php-client/src/Google/Service/Resource.php(232): Google_Client->execute(Object(GuzzleHttp\Psr7\Request), 'Google_Service_Drive_FileList')
12 APPPATH/ThirdParty/Google/google-api-php-client/vendor/google/apiclient-services/src/Google/Service/Drive/Resource/Files.php(206): Google_Service_Resource->call('list', [...], 'Google_Service_Drive_FileList')
13 APPPATH/Libraries/Google.php(83): Google_Service_Drive_Resource_Files->listFiles([...])
14 APPPATH/Libraries/Google.php(158): App\Libraries\Google->_is_folder_exists(Object(Google_Service_Drive), 'timeline_files')
15 APPPATH/Libraries/Google.php(251): App\Libraries\Google->_create_folder('timeline_files')
16 APPPATH/Helpers/app_files_helper.php(296): App\Libraries\Google->move_temp_file('Mockup Tótem.png', 'message_file697757ab16f29-Mockup-Tótem.png', 'timeline_files')
17 APPPATH/Helpers/app_files_helper.php(537): move_temp_file('Mockup Tótem.png', 'FCPATH/files/timeline_files', 'message')
18 APPPATH/Controllers/Messages.php(218): move_files_from_temp_dir_to_permanent_dir('FCPATH/files/timeline_files', 'message')
19 SYSTEMPATH/CodeIgniter.php(934): App\Controllers\Messages->send_message()
20 SYSTEMPATH/CodeIgniter.php(499): CodeIgniter\CodeIgniter->runController(Object(App\Controllers\Messages))
21 SYSTEMPATH/CodeIgniter.php(368): CodeIgniter\CodeIgniter->handleRequest(null, Object(Config\Cache), false)
22 FCPATH/index.php(80): CodeIgniter\CodeIgniter->run()
WARNING - 2026-01-26 06:01:47 --> [DEPRECATED] Return type of Google_Collection::rewind() should either be compatible with Iterator::rewind(): void, or the #[\ReturnTypeWillChange] attribute should be used to temporarily suppress the notice in APPPATH/ThirdParty/Google/google-api-php-client/src/Google/Collection.php on line 16.
 1 APPPATH/ThirdParty/Google/google-api-php-client/vendor/composer/ClassLoader.php(444): include('APPPATH/ThirdParty/Google/google-api-php-client/src/Google/Collection.php')
 2 APPPATH/ThirdParty/Google/google-api-php-client/vendor/composer/ClassLoader.php(322): Composer\Autoload\includeFile('APPPATH/ThirdParty/Google/google-api-php-client/src/Google/Collection.php')
 3 APPPATH/ThirdParty/Google/google-api-php-client/vendor/google/apiclient-services/src/Google/Service/Drive/FileList.php(18): Composer\Autoload\ClassLoader->loadClass('Google_Collection')
 4 APPPATH/ThirdParty/Google/google-api-php-client/vendor/composer/ClassLoader.php(444): include('APPPATH/ThirdParty/Google/google-api-php-client/vendor/google/apiclient-services/src/Google/Service/Drive/FileList.php')
 5 APPPATH/ThirdParty/Google/google-api-php-client/vendor/composer/ClassLoader.php(322): Composer\Autoload\includeFile('APPPATH/ThirdParty/Google/google-api-php-client/vendor/google/apiclient-services/src/Google/Service/Drive/FileList.php')
 6 APPPATH/ThirdParty/Google/google-api-php-client/src/Google/Http/REST.php(128): Composer\Autoload\ClassLoader->loadClass('Google_Service_Drive_FileList')
 7 APPPATH/ThirdParty/Google/google-api-php-client/src/Google/Http/REST.php(94): Google_Http_REST::decodeHttpResponse(Object(GuzzleHttp\Psr7\Response), Object(GuzzleHttp\Psr7\Request), 'Google_Service_Drive_FileList')
 8 APPPATH/ThirdParty/Google/google-api-php-client/src/Google/Task/Runner.php(176): Google_Http_REST::doExecute(Object(GuzzleHttp\Client), Object(GuzzleHttp\Psr7\Request), 'Google_Service_Drive_FileList')
 9 APPPATH/ThirdParty/Google/google-api-php-client/src/Google/Http/REST.php(58): Google_Task_Runner->run()
10 APPPATH/ThirdParty/Google/google-api-php-client/src/Google/Client.php(798): Google_Http_REST::execute(Object(GuzzleHttp\Client), Object(GuzzleHttp\Psr7\Request), 'Google_Service_Drive_FileList', [])
11 APPPATH/ThirdParty/Google/google-api-php-client/src/Google/Service/Resource.php(232): Google_Client->execute(Object(GuzzleHttp\Psr7\Request), 'Google_Service_Drive_FileList')
12 APPPATH/ThirdParty/Google/google-api-php-client/vendor/google/apiclient-services/src/Google/Service/Drive/Resource/Files.php(206): Google_Service_Resource->call('list', [...], 'Google_Service_Drive_FileList')
13 APPPATH/Libraries/Google.php(83): Google_Service_Drive_Resource_Files->listFiles([...])
14 APPPATH/Libraries/Google.php(158): App\Libraries\Google->_is_folder_exists(Object(Google_Service_Drive), 'timeline_files')
15 APPPATH/Libraries/Google.php(251): App\Libraries\Google->_create_folder('timeline_files')
16 APPPATH/Helpers/app_files_helper.php(296): App\Libraries\Google->move_temp_file('Mockup Tótem.png', 'message_file697757ab16f29-Mockup-Tótem.png', 'timeline_files')
17 APPPATH/Helpers/app_files_helper.php(537): move_temp_file('Mockup Tótem.png', 'FCPATH/files/timeline_files', 'message')
18 APPPATH/Controllers/Messages.php(218): move_files_from_temp_dir_to_permanent_dir('FCPATH/files/timeline_files', 'message')
19 SYSTEMPATH/CodeIgniter.php(934): App\Controllers\Messages->send_message()
20 SYSTEMPATH/CodeIgniter.php(499): CodeIgniter\CodeIgniter->runController(Object(App\Controllers\Messages))
21 SYSTEMPATH/CodeIgniter.php(368): CodeIgniter\CodeIgniter->handleRequest(null, Object(Config\Cache), false)
22 FCPATH/index.php(80): CodeIgniter\CodeIgniter->run()
WARNING - 2026-01-26 06:01:47 --> [DEPRECATED] Return type of Google_Collection::count() should either be compatible with Countable::count(): int, or the #[\ReturnTypeWillChange] attribute should be used to temporarily suppress the notice in APPPATH/ThirdParty/Google/google-api-php-client/src/Google/Collection.php on line 51.
 1 APPPATH/ThirdParty/Google/google-api-php-client/vendor/composer/ClassLoader.php(444): include('APPPATH/ThirdParty/Google/google-api-php-client/src/Google/Collection.php')
 2 APPPATH/ThirdParty/Google/google-api-php-client/vendor/composer/ClassLoader.php(322): Composer\Autoload\includeFile('APPPATH/ThirdParty/Google/google-api-php-client/src/Google/Collection.php')
 3 APPPATH/ThirdParty/Google/google-api-php-client/vendor/google/apiclient-services/src/Google/Service/Drive/FileList.php(18): Composer\Autoload\ClassLoader->loadClass('Google_Collection')
 4 APPPATH/ThirdParty/Google/google-api-php-client/vendor/composer/ClassLoader.php(444): include('APPPATH/ThirdParty/Google/google-api-php-client/vendor/google/apiclient-services/src/Google/Service/Drive/FileList.php')
 5 APPPATH/ThirdParty/Google/google-api-php-client/vendor/composer/ClassLoader.php(322): Composer\Autoload\includeFile('APPPATH/ThirdParty/Google/google-api-php-client/vendor/google/apiclient-services/src/Google/Service/Drive/FileList.php')
 6 APPPATH/ThirdParty/Google/google-api-php-client/src/Google/Http/REST.php(128): Composer\Autoload\ClassLoader->loadClass('Google_Service_Drive_FileList')
 7 APPPATH/ThirdParty/Google/google-api-php-client/src/Google/Http/REST.php(94): Google_Http_REST::decodeHttpResponse(Object(GuzzleHttp\Psr7\Response), Object(GuzzleHttp\Psr7\Request), 'Google_Service_Drive_FileList')
 8 APPPATH/ThirdParty/Google/google-api-php-client/src/Google/Task/Runner.php(176): Google_Http_REST::doExecute(Object(GuzzleHttp\Client), Object(GuzzleHttp\Psr7\Request), 'Google_Service_Drive_FileList')
 9 APPPATH/ThirdParty/Google/google-api-php-client/src/Google/Http/REST.php(58): Google_Task_Runner->run()
10 APPPATH/ThirdParty/Google/google-api-php-client/src/Google/Client.php(798): Google_Http_REST::execute(Object(GuzzleHttp\Client), Object(GuzzleHttp\Psr7\Request), 'Google_Service_Drive_FileList', [])
11 APPPATH/ThirdParty/Google/google-api-php-client/src/Google/Service/Resource.php(232): Google_Client->execute(Object(GuzzleHttp\Psr7\Request), 'Google_Service_Drive_FileList')
12 APPPATH/ThirdParty/Google/google-api-php-client/vendor/google/apiclient-services/src/Google/Service/Drive/Resource/Files.php(206): Google_Service_Resource->call('list', [...], 'Google_Service_Drive_FileList')
13 APPPATH/Libraries/Google.php(83): Google_Service_Drive_Resource_Files->listFiles([...])
14 APPPATH/Libraries/Google.php(158): App\Libraries\Google->_is_folder_exists(Object(Google_Service_Drive), 'timeline_files')
15 APPPATH/Libraries/Google.php(251): App\Libraries\Google->_create_folder('timeline_files')
16 APPPATH/Helpers/app_files_helper.php(296): App\Libraries\Google->move_temp_file('Mockup Tótem.png', 'message_file697757ab16f29-Mockup-Tótem.png', 'timeline_files')
17 APPPATH/Helpers/app_files_helper.php(537): move_temp_file('Mockup Tótem.png', 'FCPATH/files/timeline_files', 'message')
18 APPPATH/Controllers/Messages.php(218): move_files_from_temp_dir_to_permanent_dir('FCPATH/files/timeline_files', 'message')
19 SYSTEMPATH/CodeIgniter.php(934): App\Controllers\Messages->send_message()
20 SYSTEMPATH/CodeIgniter.php(499): CodeIgniter\CodeIgniter->runController(Object(App\Controllers\Messages))
21 SYSTEMPATH/CodeIgniter.php(368): CodeIgniter\CodeIgniter->handleRequest(null, Object(Config\Cache), false)
22 FCPATH/index.php(80): CodeIgniter\CodeIgniter->run()
CRITICAL - 2026-01-26 12:30:47 --> ErrorException: Undefined variable $license_error
[Method: GET, Route: Updates]
in APPPATH/Views/updates/index.php on line 106.
 1 APPPATH/Views/updates/index.php(106): CodeIgniter\Debug\Exceptions->errorHandler(2, 'Undefined variable $license_error', '/home/gestiontictaccom/public_html/app/Views/updates/index.php', 106)
 2 SYSTEMPATH/View/View.php(226): include('/home/gestiontictaccom/public_html/app/Views/updates/index.php')
 3 SYSTEMPATH/View/View.php(229): CodeIgniter\View\View->CodeIgniter\View\{closure}()
 4 SYSTEMPATH/Common.php(1167): CodeIgniter\View\View->render('updates/index', [], true)
 5 APPPATH/Views/layout/index.php(78): view('updates/index')
 6 SYSTEMPATH/View/View.php(226): include('/home/gestiontictaccom/public_html/app/Views/layout/index.php')
 7 SYSTEMPATH/View/View.php(229): CodeIgniter\View\View->CodeIgniter\View\{closure}()
 8 SYSTEMPATH/Common.php(1167): CodeIgniter\View\View->render('layout/index', [], true)
 9 APPPATH/Libraries/Template.php(38): view('layout/index', [...])
10 APPPATH/Libraries/Template.php(22): App\Libraries\Template->view('layout/index', [...])
11 APPPATH/Libraries/Template.php(43): App\Libraries\Template->render('updates/index', [...])
12 APPPATH/Controllers/Updates.php(42): App\Libraries\Template->rander('updates/index', [...])
13 SYSTEMPATH/CodeIgniter.php(933): App\Controllers\Updates->index()
14 SYSTEMPATH/CodeIgniter.php(507): CodeIgniter\CodeIgniter->runController(Object(App\Controllers\Updates))
15 SYSTEMPATH/CodeIgniter.php(354): CodeIgniter\CodeIgniter->handleRequest(null, Object(Config\Cache), false)
16 SYSTEMPATH/Boot.php(363): CodeIgniter\CodeIgniter->run()
17 SYSTEMPATH/Boot.php(68): CodeIgniter\Boot::runCodeIgniter(Object(CodeIgniter\CodeIgniter))
18 FCPATH/index.php(75): CodeIgniter\Boot::bootWeb(Object(Config\Paths))
ERROR - 2026-01-26 15:51:11 --> Email: Unable to send email using SMTP. Your server might not be configured to send mail using this method.
ERROR - 2026-01-26 15:51:11 --> 220 smtp.gmail.com ESMTP ffacd0b85a97d-435b1c24a8asm30967449f8f.12 - gsmtp

hello: 250-smtp.gmail.com at your service, [2a12:d280:100:67::]
250-SIZE 35882577
250-8BITMIME
250-STARTTLS
250-ENHANCEDSTATUSCODES
250-PIPELINING
250-CHUNKING
250 SMTPUTF8

starttls: 220 2.0.0 Ready to start TLS

hello: 250-smtp.gmail.com at your service, [2a12:d280:100:67::]
250-SIZE 35882577
250-8BITMIME
250-AUTH LOGIN PLAIN XOAUTH2 PLAIN-CLIENTTOKEN OAUTHBEARER XOAUTH
250-ENHANCEDSTATUSCODES
250-PIPELINING
250-CHUNKING
250 SMTPUTF8

Failed to authenticate password. Error: 535-5.7.8 Username and Password not accepted. For more information, go to
535 5.7.8  https://support.google.com/mail/?p=BadCredentials ffacd0b85a97d-435b1c24a8asm30967449f8f.12 - gsmtp

ERROR - 2026-01-26 15:52:25 --> Email: Unable to send email using SMTP. Your server might not be configured to send mail using this method.
ERROR - 2026-01-26 15:52:25 --> 220 smtp.gmail.com ESMTP ffacd0b85a97d-435b1c02cd8sm29616795f8f.8 - gsmtp

hello: 250-smtp.gmail.com at your service, [2a12:d280:100:67::]
250-SIZE 35882577
250-8BITMIME
250-STARTTLS
250-ENHANCEDSTATUSCODES
250-PIPELINING
250-CHUNKING
250 SMTPUTF8

starttls: 220 2.0.0 Ready to start TLS

hello: 250-smtp.gmail.com at your service, [2a12:d280:100:67::]
250-SIZE 35882577
250-8BITMIME
250-AUTH LOGIN PLAIN XOAUTH2 PLAIN-CLIENTTOKEN OAUTHBEARER XOAUTH
250-ENHANCEDSTATUSCODES
250-PIPELINING
250-CHUNKING
250 SMTPUTF8

Failed to authenticate password. Error: 535-5.7.8 Username and Password not accepted. For more information, go to
535 5.7.8  https://support.google.com/mail/?p=BadCredentials ffacd0b85a97d-435b1c02cd8sm29616795f8f.8 - gsmtp

